Archive member included to satisfy reference by file (symbol)

app/libapp.a(main.cpp.obj)    (--whole-archive)
zephyr/libzephyr.a(heap.c.obj)
                              (--whole-archive)
zephyr/libzephyr.a(cbprintf_packaged.c.obj)
                              (--whole-archive)
zephyr/libzephyr.a(clock.c.obj)
                              (--whole-archive)
zephyr/libzephyr.a(printk.c.obj)
                              (--whole-archive)
zephyr/libzephyr.a(sem.c.obj)
                              (--whole-archive)
zephyr/libzephyr.a(thread_entry.c.obj)
                              (--whole-archive)
zephyr/libzephyr.a(cbprintf_complete.c.obj)
                              (--whole-archive)
zephyr/libzephyr.a(assert.c.obj)
                              (--whole-archive)
zephyr/libzephyr.a(mpsc_pbuf.c.obj)
                              (--whole-archive)
zephyr/libzephyr.a(dec.c.obj)
                              (--whole-archive)
zephyr/libzephyr.a(hex.c.obj)
                              (--whole-archive)
zephyr/libzephyr.a(rb.c.obj)  (--whole-archive)
zephyr/libzephyr.a(timeutil.c.obj)
                              (--whole-archive)
zephyr/libzephyr.a(bitarray.c.obj)
                              (--whole-archive)
zephyr/libzephyr.a(ring_buffer.c.obj)
                              (--whole-archive)
zephyr/libzephyr.a(last_section_id.c.obj)
                              (--whole-archive)
zephyr/libzephyr.a(configs.c.obj)
                              (--whole-archive)
zephyr/libzephyr.a(vectors.S.obj)
                              (--whole-archive)
zephyr/libzephyr.a(soc_irq.S.obj)
                              (--whole-archive)
zephyr/libzephyr.a(soc.c.obj)
                              (--whole-archive)
zephyr/libzephyr.a(loader.c.obj)
                              (--whole-archive)
zephyr/libzephyr.a(hw_init.c.obj)
                              (--whole-archive)
zephyr/libzephyr.a(log_core.c.obj)
                              (--whole-archive)
zephyr/libzephyr.a(log_mgmt.c.obj)
                              (--whole-archive)
zephyr/libzephyr.a(log_cache.c.obj)
                              (--whole-archive)
zephyr/libzephyr.a(log_msg.c.obj)
                              (--whole-archive)
zephyr/libzephyr.a(log_output.c.obj)
                              (--whole-archive)
zephyr/libzephyr.a(log_backend_uart.c.obj)
                              (--whole-archive)
zephyr/libzephyr.a(tracing_none.c.obj)
                              (--whole-archive)
zephyr/libzephyr.a(esp_efuse_api.c.obj)
                              (--whole-archive)
zephyr/libzephyr.a(esp_efuse_utility.c.obj)
                              (--whole-archive)
zephyr/libzephyr.a(esp_efuse_table.c.obj)
                              (--whole-archive)
zephyr/libzephyr.a(esp_efuse_utility.c.obj)
                              (--whole-archive)
zephyr/libzephyr.a(esp_efuse_api_key.c.obj)
                              (--whole-archive)
zephyr/libzephyr.a(flash_ops.c.obj)
                              (--whole-archive)
zephyr/libzephyr.a(esp_flash_api.c.obj)
                              (--whole-archive)
zephyr/libzephyr.a(flash_mmap.c.obj)
                              (--whole-archive)
zephyr/libzephyr.a(flash_encrypt.c.obj)
                              (--whole-archive)
zephyr/libzephyr.a(esp_gpio_reserve.c.obj)
                              (--whole-archive)
zephyr/libzephyr.a(cache_hal.c.obj)
                              (--whole-archive)
zephyr/libzephyr.a(mmu_hal.c.obj)
                              (--whole-archive)
zephyr/libzephyr.a(spi_flash_encrypt_hal_iram.c.obj)
                              (--whole-archive)
zephyr/libzephyr.a(spi_flash_hal.c.obj)
                              (--whole-archive)
zephyr/libzephyr.a(spi_flash_hal_iram.c.obj)
                              (--whole-archive)
zephyr/libzephyr.a(spi_flash_hal_gpspi.c.obj)
                              (--whole-archive)
zephyr/libzephyr.a(esp_flash_spi_init.c.obj)
                              (--whole-archive)
zephyr/libzephyr.a(memspi_host_driver.c.obj)
                              (--whole-archive)
zephyr/libzephyr.a(spi_flash_chip_boya.c.obj)
                              (--whole-archive)
zephyr/libzephyr.a(spi_flash_chip_drivers.c.obj)
                              (--whole-archive)
zephyr/libzephyr.a(spi_flash_chip_gd.c.obj)
                              (--whole-archive)
zephyr/libzephyr.a(spi_flash_chip_generic.c.obj)
                              (--whole-archive)
zephyr/libzephyr.a(spi_flash_chip_issi.c.obj)
                              (--whole-archive)
zephyr/libzephyr.a(spi_flash_chip_mxic.c.obj)
                              (--whole-archive)
zephyr/libzephyr.a(spi_flash_chip_mxic_opi.c.obj)
                              (--whole-archive)
zephyr/libzephyr.a(spi_flash_chip_th.c.obj)
                              (--whole-archive)
zephyr/libzephyr.a(spi_flash_chip_winbond.c.obj)
                              (--whole-archive)
[...]
Memory Configuration

Name             Origin             Length             Attributes
FLASH            0x0000000000000000 0x00000000003fff00 r
iram0_0_seg      0x0000000040380000 0x000000000004ae00 xr
dram0_0_seg      0x000000003fc80000 0x000000000004ae00 rw
irom0_0_seg      0x0000000042000000 0x0000000000400000 xr
drom0_0_seg      0x000000003c000000 0x0000000000400000 r
rtc_iram_seg     0x0000000050000000 0x0000000000002000 xrw
IDT_LIST         0x000000003ebfe010 0x0000000000002000 rw
*default*        0x0000000000000000 0xffffffffffffffff

Linker script and memory map

                0x0000000042000214                vfprintf = __l_vfprintf
                0x0000000000000000                vfscanf = __l_vfscanf
LOAD zephyr/CMakeFiles/zephyr_final.dir/misc/empty_file.c.obj
LOAD zephyr/CMakeFiles/zephyr_final.dir/isr_tables.c.obj
LOAD zephyr/CMakeFiles/offsets.dir/./arch/riscv/core/offsets/offsets.c.obj
LOAD app/libapp.a
LOAD zephyr/libzephyr.a
LOAD zephyr/arch/common/libarch__common.a
LOAD zephyr/arch/arch/riscv/core/libarch__riscv__core.a
LOAD zephyr/lib/libc/picolibc/liblib__libc__picolibc.a
LOAD zephyr/lib/libc/common/liblib__libc__common.a
LOAD zephyr/drivers/interrupt_controller/libdrivers__interrupt_controller.a
LOAD zephyr/drivers/clock_control/libdrivers__clock_control.a
LOAD zephyr/drivers/console/libdrivers__console.a
LOAD zephyr/drivers/gpio/libdrivers__gpio.a
LOAD zephyr/drivers/pinctrl/libdrivers__pinctrl.a
LOAD zephyr/drivers/serial/libdrivers__serial.a
LOAD zephyr/drivers/timer/libdrivers__timer.a
LOAD zephyr/kernel/libkernel.a
LOAD zephyr/arch/common/libisr_tables.a
LOAD d:/zephyr-sdk-0.17.4/riscv64-zephyr-elf/bin/../lib/gcc/riscv64-zephyr-elf/12.2.0\libgcc.a
LOAD d:\zephyr-sdk-0.17.4\riscv64-zephyr-elf\bin\../lib/gcc/../../picolibc/riscv64-zephyr-elf/lib/.\libc.a
LOAD d:/zephyr-sdk-0.17.4/riscv64-zephyr-elf/bin/../lib/gcc/riscv64-zephyr-elf/12.2.0\libgcc.a
                0x00000000403cae00                user_iram_end = 0x403cae00
                0x0000000040380000                user_iram_seg_org = 0x40380000
                0x000000003fc80000                user_dram_seg_org = 0x3fc80000
                0x000000003fccae00                user_dram_end = (user_iram_end - 0x700000)
                0x000000000004ae00                user_idram_size = (user_dram_end - user_dram_seg_org)
                0x000000000004ae00                user_iram_seg_len = user_idram_size
                0x000000000004ae00                user_dram_seg_len = user_idram_size
                0x0000000000000000                _rom_store_table = 0x0
                0x0000000000700000                _iram_dram_offset = 0x700000
                0x000000003fccc000                _heap_sentry = 0x3fccc000
                0x000000000003f170                _libc_heap_size = (_heap_sentry - _end)

.rel.plt        0x0000000000000000        0x0
 *(SORT_BY_ALIGNMENT(.rel.plt))
                [!provide]                        PROVIDE (__rel_iplt_start = .)
 *(SORT_BY_ALIGNMENT(.rel.iplt))
                [!provide]                        PROVIDE (__rel_iplt_end = .)

.rela.plt       0x0000000000000000        0x0
 *(SORT_BY_ALIGNMENT(.rela.plt))
                [!provide]                        PROVIDE (__rela_iplt_start = .)
 *(SORT_BY_ALIGNMENT(.rela.iplt))
                [!provide]                        PROVIDE (__rela_iplt_end = .)

.rel.dyn
 *(SORT_BY_ALIGNMENT(.rel.*))

.rela.dyn       0x0000000000000000        0x0
 *(SORT_BY_ALIGNMENT(.rela.*))
 .rela.text.cbvprintf_package
                0x0000000000000000        0x0 zephyr/CMakeFiles/zephyr_final.dir/isr_tables.c.obj
 .rela.text.cbprintf_package_convert
                0x0000000000000000        0x0 zephyr/CMakeFiles/zephyr_final.dir/isr_tables.c.obj
 .rela.text.__start
                0x0000000000000000        0x0 zephyr/CMakeFiles/zephyr_final.dir/isr_tables.c.obj
 .rela.data.map
                0x0000000000000000        0x0 zephyr/CMakeFiles/zephyr_final.dir/isr_tables.c.obj
 .rela.srodata.libc_heap_size
                0x0000000000000000        0x0 zephyr/CMakeFiles/zephyr_final.dir/isr_tables.c.obj
 .rela.text.activate_foreach_backend
                0x0000000000000000        0x0 zephyr/CMakeFiles/zephyr_final.dir/isr_tables.c.obj
 .rela.text.z_log_init
                0x0000000000000000        0x0 zephyr/CMakeFiles/zephyr_final.dir/isr_tables.c.obj
 .rela.text.dropped_notify
                0x0000000000000000        0x0 zephyr/CMakeFiles/zephyr_final.dir/isr_tables.c.obj
 .rela.text.log_core_init
                0x0000000000000000        0x0 zephyr/CMakeFiles/zephyr_final.dir/isr_tables.c.obj
 .rela.text.z_impl_log_process
                0x0000000000000000        0x0 zephyr/CMakeFiles/zephyr_final.dir/isr_tables.c.obj
 .rela.text.z_impl_log_panic
                0x0000000000000000        0x0 zephyr/CMakeFiles/zephyr_final.dir/isr_tables.c.obj
 .rela.text.log_process_thread_func
                0x0000000000000000        0x0 zephyr/CMakeFiles/zephyr_final.dir/isr_tables.c.obj
 .rela.text.log_source_name_get
                0x0000000000000000        0x0 zephyr/CMakeFiles/zephyr_final.dir/isr_tables.c.obj
 .rela.text.log_msg_get_source_id
                0x0000000000000000        0x0 zephyr/CMakeFiles/zephyr_final.dir/isr_tables.c.obj
 .rela.iram1.9  0x0000000000000000        0x0 zephyr/CMakeFiles/zephyr_final.dir/isr_tables.c.obj
 .rela.iram1.1  0x0000000000000000        0x0 zephyr/CMakeFiles/zephyr_final.dir/isr_tables.c.obj
 .rela.text.spi_flash_hal_init
                0x0000000000000000        0x0 zephyr/CMakeFiles/zephyr_final.dir/isr_tables.c.obj
 .rela.text.spi_flash_hal_supports_direct_write
                0x0000000000000000        0x0 zephyr/CMakeFiles/zephyr_final.dir/isr_tables.c.obj
 .rela.text.spi_flash_hal_supports_direct_read
                0x0000000000000000        0x0 zephyr/CMakeFiles/zephyr_final.dir/isr_tables.c.obj
 .rela.text.spi_flash_hal_setup_read_suspend
                0x0000000000000000        0x0 zephyr/CMakeFiles/zephyr_final.dir/isr_tables.c.obj
 .rela.text.spi_flash_hal_setup_auto_suspend_mode
                0x0000000000000000        0x0 zephyr/CMakeFiles/zephyr_final.dir/isr_tables.c.obj
 .rela.text.spi_flash_hal_setup_auto_resume_mode
                0x0000000000000000        0x0 zephyr/CMakeFiles/zephyr_final.dir/isr_tables.c.obj
 .rela.text.spi_flash_hal_disable_auto_suspend_mode
                0x0000000000000000        0x0 zephyr/CMakeFiles/zephyr_final.dir/isr_tables.c.obj
 .rela.text.spi_flash_hal_disable_auto_resume_mode
                0x0000000000000000        0x0 zephyr/CMakeFiles/zephyr_final.dir/isr_tables.c.obj
 .rela.text.esp_flash_init_default_chip
                0x0000000000000000        0x0 zephyr/CMakeFiles/zephyr_final.dir/isr_tables.c.obj
 .rela.text.memspi_host_flush_cache
                0x0000000000000000        0x0 zephyr/CMakeFiles/zephyr_final.dir/isr_tables.c.obj
 .rela.text.config_wdt
                0x0000000000000000        0x0 zephyr/CMakeFiles/zephyr_final.dir/isr_tables.c.obj
 .rela.text.get_rtc_dbias_by_efuse
                0x0000000000000000        0x0 zephyr/CMakeFiles/zephyr_final.dir/isr_tables.c.obj
 .rela.text.rtc_init
                0x0000000000000000        0x0 zephyr/CMakeFiles/zephyr_final.dir/isr_tables.c.obj
 .rela.text.sar_periph_ctrl_init
                0x0000000000000000        0x0 zephyr/CMakeFiles/zephyr_final.dir/isr_tables.c.obj
 .rela.text.esp_mmu_map_init
                0x0000000000000000        0x0 zephyr/CMakeFiles/zephyr_final.dir/isr_tables.c.obj
 .rela.text.systimer_hal_init
                0x0000000000000000        0x0 zephyr/CMakeFiles/zephyr_final.dir/isr_tables.c.obj
 .rela.iram1.0  0x0000000000000000        0x0 zephyr/CMakeFiles/zephyr_final.dir/isr_tables.c.obj
 .rela.iram1.7  0x0000000000000000        0x0 zephyr/CMakeFiles/zephyr_final.dir/isr_tables.c.obj
 .rela.text.flash_update_id
                0x0000000000000000        0x0 zephyr/CMakeFiles/zephyr_final.dir/isr_tables.c.obj
 .rela.text.init_spi_flash
                0x0000000000000000        0x0 zephyr/CMakeFiles/zephyr_final.dir/isr_tables.c.obj
 .rela.text.arch_tls_stack_setup
                0x0000000000000000        0x0 zephyr/CMakeFiles/zephyr_final.dir/isr_tables.c.obj
 .rela.text.walk_stackframe
                0x0000000000000000        0x0 zephyr/CMakeFiles/zephyr_final.dir/isr_tables.c.obj
 .rela.text.malloc_prepare
                0x0000000000000000        0x0 zephyr/CMakeFiles/zephyr_final.dir/isr_tables.c.obj
 .rela.text.gpio_esp32_pin_interrupt_configure
                0x0000000000000000        0x0 zephyr/CMakeFiles/zephyr_final.dir/isr_tables.c.obj
 .rela.text.serial_esp32_usb_poll_in
                0x0000000000000000        0x0 zephyr/CMakeFiles/zephyr_final.dir/isr_tables.c.obj
 .rela.text.serial_esp32_usb_poll_out
                0x0000000000000000        0x0 zephyr/CMakeFiles/zephyr_final.dir/isr_tables.c.obj
 .rela.text.bg_thread_main
                0x0000000000000000        0x0 zephyr/CMakeFiles/zephyr_final.dir/isr_tables.c.obj
 .rela.text.z_bss_zero
                0x0000000000000000        0x0 zephyr/CMakeFiles/zephyr_final.dir/isr_tables.c.obj
 .rela.rodata.levels.0
                0x0000000000000000        0x0 zephyr/CMakeFiles/zephyr_final.dir/isr_tables.c.obj
 .rela.text.statics_init
                0x0000000000000000        0x0 zephyr/CMakeFiles/zephyr_final.dir/isr_tables.c.obj

.rtc.text       0x0000000050000000        0x0 load address 0x0000000000000000
                0x0000000050000000                . = ALIGN (0x4)
 *(SORT_BY_ALIGNMENT(.rtc.literal) SORT_BY_ALIGNMENT(.rtc.literal.*))
 *(SORT_BY_ALIGNMENT(.rtc.text) SORT_BY_ALIGNMENT(.rtc.text.*))
                0x0000000050000000                . = ALIGN (0x4)

.rtc.force_fast
                0x0000000050000000        0x0 load address 0x0000000000000000
                0x0000000050000000                . = ALIGN (0x4)
 *(SORT_BY_ALIGNMENT(.rtc.force_fast) SORT_BY_ALIGNMENT(.rtc.force_fast.*))
                0x0000000050000000                . = ALIGN (0x4)

.rtc.data       0x0000000050000000        0x0 load address 0x0000000000000000
                0x0000000050000000                . = ALIGN (0x4)
                0x0000000050000000                _rtc_data_start = ABSOLUTE (.)
 *(SORT_BY_ALIGNMENT(.rtc.data) SORT_BY_ALIGNMENT(.rtc.data.*))
 *(SORT_BY_ALIGNMENT(.rtc.rodata) SORT_BY_ALIGNMENT(.rtc.rodata.*))
                0x0000000050000000                . = ALIGN (0x4)

.rtc.bss        0x0000000050000000        0x0 load address 0x0000000000000000
                0x0000000050000000                _rtc_bss_start = ABSOLUTE (.)
 *(SORT_BY_ALIGNMENT(.rtc.bss) SORT_BY_ALIGNMENT(.rtc.bss.*))
                0x0000000050000000                _rtc_bss_end = ABSOLUTE (.)

.rtc_noinit     0x0000000050000000        0x0 load address 0x0000000000000000
                0x0000000050000000                . = ALIGN (0x4)
 *(SORT_BY_ALIGNMENT(.rtc_noinit) SORT_BY_ALIGNMENT(.rtc_noinit.*))
                0x0000000050000000                . = ALIGN (0x4)

.rtc.force_slow
                0x0000000050000000        0x0 load address 0x0000000000000000
                0x0000000050000000                . = ALIGN (0x4)
 *(SORT_BY_ALIGNMENT(.rtc.force_slow) SORT_BY_ALIGNMENT(.rtc.force_slow.*))
                0x0000000050000000                . = ALIGN (0x4)
                0x0000000050000000                _rtc_force_slow_end = ABSOLUTE (.)
                0x0000000000000000                _rtc_slow_length = (_rtc_force_slow_end - _rtc_data_start)

.iram0.text     0x0000000040380000     0x83c4 load address 0x0000000000000000
                0x0000000040380000                _iram_start = ABSOLUTE (.)
                0x0000000040380000                _init_start = ABSOLUTE (.)
 *(SORT_BY_ALIGNMENT(.exception_vectors.text))
 .exception_vectors.text
                0x0000000040380000       0x80 zephyr/libzephyr.a(vectors.S.obj)
                0x0000000040380000                _vector_table
                0x0000000040380100                . = ALIGN (0x100)
 *fill*         0x0000000040380080       0x80 
                0x0000000040380100                _invalid_pc_placeholder = ABSOLUTE (.)
 *(SORT_BY_ALIGNMENT(.exception.entry*))
 .exception.entry._isr_wrapper
                0x0000000040380100      0x144 zephyr/arch/arch/riscv/core/libarch__riscv__core.a(isr.S.obj)
                0x0000000040380100                _isr_wrapper
                0x0000000040380208                z_riscv_thread_start
 *(SORT_BY_ALIGNMENT(.exception.other*))
 .exception.other.__soc_handle_irq
                0x0000000040380244        0x2 zephyr/libzephyr.a(soc_irq.S.obj)
                0x0000000040380244                __soc_handle_irq
                0x0000000040380248                . = ALIGN (0x4)
 *fill*         0x0000000040380246        0x2 
 *(SORT_BY_ALIGNMENT(.entry.text))
 *(SORT_BY_ALIGNMENT(.init.literal))
 *(.init)
                0x0000000040380248                . = ALIGN (0x4)
                0x0000000040380248                _init_end = ABSOLUTE (.)
                0x0000000040380248                _iram_text_start = ABSOLUTE (.)
 *(SORT_BY_ALIGNMENT(.iram1) SORT_BY_ALIGNMENT(.iram1.*))
 .iram1.0       0x0000000040380248       0x1c zephyr/libzephyr.a(soc.c.obj)
                0x0000000040380248                __esp_platform_app_start
 .iram1.2       0x0000000040380264       0x2e zephyr/libzephyr.a(soc.c.obj)
                0x0000000040380264                arch_printk_char_out
 .iram1.2       0x0000000040380292        0xa zephyr/libzephyr.a(flash_ops.c.obj)
                0x0000000040380292                spi_flash_guard_set
 .iram1.4       0x000000004038029c       0x54 zephyr/libzephyr.a(flash_ops.c.obj)
                0x000000004038029c                esp_mspi_pin_init
 .iram1.3       0x00000000403802f0       0x2a zephyr/libzephyr.a(esp_flash_api.c.obj)
 .iram1.4       0x000000004038031a       0x22 zephyr/libzephyr.a(esp_flash_api.c.obj)
 .iram1.5       0x000000004038033c       0x1c zephyr/libzephyr.a(esp_flash_api.c.obj)
 .iram1.6       0x0000000040380358       0x60 zephyr/libzephyr.a(esp_flash_api.c.obj)
 .iram1.10      0x00000000403803b8       0x90 zephyr/libzephyr.a(esp_flash_api.c.obj)
 .iram1.12      0x0000000040380448       0x8e zephyr/libzephyr.a(esp_flash_api.c.obj)
 .iram1.13      0x00000000403804d6       0x64 zephyr/libzephyr.a(esp_flash_api.c.obj)
                0x00000000403804d6                esp_flash_get_physical_size
 .iram1.9       0x000000004038053a      0x18c zephyr/libzephyr.a(esp_flash_api.c.obj)
                0x000000004038053a                esp_flash_init_main
 .iram1.1       0x00000000403806c6       0x7c zephyr/libzephyr.a(flash_mmap.c.obj)
                0x00000000403806c6                spi_flash_check_and_flush_cache
 .iram1.2       0x0000000040380742       0x16 zephyr/libzephyr.a(spi_flash_os_func_noos.c.obj)
 .iram1.1       0x0000000040380758       0x12 zephyr/libzephyr.a(spi_flash_os_func_noos.c.obj)
 .iram1.0       0x000000004038076a       0x12 zephyr/libzephyr.a(spi_flash_os_func_noos.c.obj)
 .iram1.9       0x000000004038077c        0x4 zephyr/libzephyr.a(spi_flash_os_func_app.c.obj)
 .iram1.7       0x0000000040380780       0x40 zephyr/libzephyr.a(spi_flash_os_func_app.c.obj)
 .iram1.4       0x00000000403807c0       0x1a zephyr/libzephyr.a(spi_flash_os_func_app.c.obj)
 .iram1.8       0x00000000403807da        0x6 zephyr/libzephyr.a(spi_flash_os_func_app.c.obj)
 .iram1.6       0x00000000403807e0       0x16 zephyr/libzephyr.a(spi_flash_os_func_app.c.obj)
 .iram1.3       0x00000000403807f6        0xe zephyr/libzephyr.a(spi_flash_os_func_app.c.obj)
 .iram1.2       0x0000000040380804        0xe zephyr/libzephyr.a(spi_flash_os_func_app.c.obj)
 .iram1.5       0x0000000040380812       0x2a zephyr/libzephyr.a(spi_flash_os_func_app.c.obj)
 .iram1.2       0x000000004038083c       0x20 zephyr/libzephyr.a(regi2c_ctrl.c.obj)
                0x000000004038083c                regi2c_ctrl_read_reg_mask
 .iram1.3       0x000000004038085c       0x20 zephyr/libzephyr.a(regi2c_ctrl.c.obj)
                0x000000004038085c                regi2c_ctrl_write_reg
 .iram1.4       0x000000004038087c       0x20 zephyr/libzephyr.a(regi2c_ctrl.c.obj)
                0x000000004038087c                regi2c_ctrl_write_reg_mask
 .iram1.1       0x000000004038089c       0x66 zephyr/libzephyr.a(esp_mmu_map.c.obj)
                0x000000004038089c                esp_mmu_paddr_find_caps
 .iram1.2       0x0000000040380902       0x1c zephyr/libzephyr.a(esp_rom_uart.c.obj)
                0x0000000040380902                esp_rom_uart_switch_buffer
 .iram1.0       0x000000004038091e       0x1e zephyr/libzephyr.a(efuse_hal.c.obj)
                0x000000004038091e                efuse_hal_chip_revision
 .iram1.0       0x000000004038093c       0x10 zephyr/libzephyr.a(efuse_hal.c.obj)
                0x000000004038093c                efuse_hal_get_major_chip_version
 .iram1.1       0x000000004038094c       0x18 zephyr/libzephyr.a(efuse_hal.c.obj)
                0x000000004038094c                efuse_hal_get_minor_chip_version
 .iram1.0       0x0000000040380964       0x12 zephyr/libzephyr.a(cache_utils.c.obj)
                0x0000000040380964                spi_flash_disable_interrupts_caches_and_other_cpu
 .iram1.1       0x0000000040380976       0x1e zephyr/libzephyr.a(cache_utils.c.obj)
                0x0000000040380976                spi_flash_enable_interrupts_caches_and_other_cpu
 .iram1.6       0x0000000040380994       0x52 zephyr/libzephyr.a(bootloader_flash.c.obj)
 .iram1.1       0x00000000403809e6      0x168 zephyr/libzephyr.a(bootloader_flash.c.obj)
                0x00000000403809e6                bootloader_flash_execute_command_common
 .iram1.2       0x0000000040380b4e        0xe zephyr/libzephyr.a(bootloader_flash.c.obj)
                0x0000000040380b4e                bootloader_execute_flash_command
 .iram1.0       0x0000000040380b5c      0x156 zephyr/libzephyr.a(bootloader_flash.c.obj)
                0x0000000040380b5c                bootloader_flash_unlock
 .iram1.3       0x0000000040380cb2       0x28 zephyr/libzephyr.a(bootloader_flash.c.obj)
                0x0000000040380cb2                bootloader_flash_read_sfdp
 .iram1.4       0x0000000040380cda       0x34 zephyr/libzephyr.a(bootloader_flash.c.obj)
                0x0000000040380cda                bootloader_read_flash_id
 .iram1.7       0x0000000040380d0e       0xc6 zephyr/libzephyr.a(bootloader_flash.c.obj)
                0x0000000040380d0e                bootloader_flash_xmc_startup
 .iram1.0       0x0000000040380dd4       0x3e zephyr/drivers/interrupt_controller/libdrivers__interrupt_controller.a(intc_esp32.c.obj)
 .iram1.3       0x0000000040380e12       0xb2 zephyr/drivers/interrupt_controller/libdrivers__interrupt_controller.a(intc_esp32.c.obj)
                0x0000000040380e12                esp_intr_disable
 .iram1.2       0x0000000040380ec4       0x6e zephyr/drivers/gpio/libdrivers__gpio.a(gpio_esp32.c.obj)
 .iram1.0       0x0000000040380f32      0x2c4 zephyr/drivers/gpio/libdrivers__gpio.a(gpio_esp32.c.obj)
 *(SORT_BY_ALIGNMENT(.iram0.literal) SORT_BY_ALIGNMENT(.iram.literal) SORT_BY_ALIGNMENT(.iram.text.literal) SORT_BY_ALIGNMENT(.iram0.text) SORT_BY_ALIGNMENT(.iram.text))
 *libzephyr.a:panic.*(SORT_BY_ALIGNMENT(.literal) SORT_BY_ALIGNMENT(.text) SORT_BY_ALIGNMENT(.literal.*) SORT_BY_ALIGNMENT(.text.*))
 *libzephyr.a:loader.*(SORT_BY_ALIGNMENT(.literal) SORT_BY_ALIGNMENT(.text) SORT_BY_ALIGNMENT(.literal.*) SORT_BY_ALIGNMENT(.text.*))
 .text.map_rom_segments
                0x00000000403811f6      0x32e zephyr/libzephyr.a(loader.c.obj)
                0x00000000403811f6                map_rom_segments
 .text.__start  0x0000000040381524      0x108 zephyr/libzephyr.a(loader.c.obj)
                0x0000000040381524                __start
 *libzephyr.a:flash_init.*(SORT_BY_ALIGNMENT(.literal) SORT_BY_ALIGNMENT(.text) SORT_BY_ALIGNMENT(.literal.*) SORT_BY_ALIGNMENT(.text.*))
 .text.esp_flash_config
                0x000000004038162c       0x46 zephyr/libzephyr.a(flash_init.c.obj)
                0x000000004038162c                esp_flash_config
 *libzephyr.a:soc_flash_init.*(SORT_BY_ALIGNMENT(.literal) SORT_BY_ALIGNMENT(.text) SORT_BY_ALIGNMENT(.literal.*) SORT_BY_ALIGNMENT(.text.*))
 .text.flash_update_id
                0x0000000040381672       0x1c zephyr/libzephyr.a(soc_flash_init.c.obj)
                0x0000000040381672                flash_update_id
 .text.flash_cs_timing_config
                0x000000004038168e       0x3a zephyr/libzephyr.a(soc_flash_init.c.obj)
                0x000000004038168e                flash_cs_timing_config
 .text.flash_set_dummy_out
                0x00000000403816c8       0x1c zephyr/libzephyr.a(soc_flash_init.c.obj)
                0x00000000403816c8                flash_set_dummy_out
 .text.configure_spi_pins
                0x00000000403816e4       0xce zephyr/libzephyr.a(soc_flash_init.c.obj)
                0x00000000403816e4                configure_spi_pins
 .text.flash_dummy_config
                0x00000000403817b2        0xe zephyr/libzephyr.a(soc_flash_init.c.obj)
                0x00000000403817b2                flash_dummy_config
 .text.init_spi_flash
                0x00000000403817c0      0x188 zephyr/libzephyr.a(soc_flash_init.c.obj)
                0x00000000403817c0                init_spi_flash
 *libzephyr.a:console_init.*(SORT_BY_ALIGNMENT(.literal) SORT_BY_ALIGNMENT(.text) SORT_BY_ALIGNMENT(.literal.*) SORT_BY_ALIGNMENT(.text.*))
 .text.esp_console_init
                0x0000000040381948        0x6 zephyr/libzephyr.a(console_init.c.obj)
                0x0000000040381948                esp_console_init
 *libzephyr.a:soc_init.*(SORT_BY_ALIGNMENT(.literal) SORT_BY_ALIGNMENT(.text) SORT_BY_ALIGNMENT(.literal.*) SORT_BY_ALIGNMENT(.text.*))
 .text.print_banner
                0x000000004038194e       0x5e zephyr/libzephyr.a(soc_init.c.obj)
                0x000000004038194e                print_banner
 .text.read_bootloader_header
                0x00000000403819ac       0x3c zephyr/libzephyr.a(soc_init.c.obj)
                0x00000000403819ac                read_bootloader_header
 .text.config_wdt
                0x00000000403819e8       0x4c zephyr/libzephyr.a(soc_init.c.obj)
                0x00000000403819e8                config_wdt
 .text.check_bootloader_validity
                0x0000000040381a34       0xc8 zephyr/libzephyr.a(soc_init.c.obj)
                0x0000000040381a34                check_bootloader_validity
 .text.soc_hw_init
                0x0000000040381afc       0x3c zephyr/libzephyr.a(soc_init.c.obj)
                0x0000000040381afc                soc_hw_init
 .text.ana_super_wdt_reset_config
                0x0000000040381b38       0x28 zephyr/libzephyr.a(soc_init.c.obj)
                0x0000000040381b38                ana_super_wdt_reset_config
 .text.ana_bod_reset_config
                0x0000000040381b60       0x2a zephyr/libzephyr.a(soc_init.c.obj)
                0x0000000040381b60                ana_bod_reset_config
 .text.ana_clock_glitch_reset_config
                0x0000000040381b8a       0x26 zephyr/libzephyr.a(soc_init.c.obj)
                0x0000000040381b8a                ana_clock_glitch_reset_config
 .text.ana_reset_config
                0x0000000040381bb0       0x30 zephyr/libzephyr.a(soc_init.c.obj)
                0x0000000040381bb0                ana_reset_config
 .text.super_wdt_auto_feed
                0x0000000040381be0       0x26 zephyr/libzephyr.a(soc_init.c.obj)
                0x0000000040381be0                super_wdt_auto_feed
 .text.wdt_reset_cpu0_info_enable
                0x0000000040381c06       0x1e zephyr/libzephyr.a(soc_init.c.obj)
                0x0000000040381c06                wdt_reset_cpu0_info_enable
 .text.check_wdt_reset
                0x0000000040381c24       0x4e zephyr/libzephyr.a(soc_init.c.obj)
                0x0000000040381c24                check_wdt_reset
 *libzephyr.a:hw_init.*(SORT_BY_ALIGNMENT(.literal) SORT_BY_ALIGNMENT(.text) SORT_BY_ALIGNMENT(.literal.*) SORT_BY_ALIGNMENT(.text.*))
 .text.hardware_init
                0x0000000040381c72       0x6e zephyr/libzephyr.a(hw_init.c.obj)
                0x0000000040381c72                hardware_init
 *libzephyr.a:soc_random.*(SORT_BY_ALIGNMENT(.literal) SORT_BY_ALIGNMENT(.text) SORT_BY_ALIGNMENT(.literal.*) SORT_BY_ALIGNMENT(.text.*))
 .text.soc_random_enable
                0x0000000040381ce0      0x172 zephyr/libzephyr.a(soc_random.c.obj)
                0x0000000040381ce0                soc_random_enable
 .text.soc_random_disable
                0x0000000040381e52       0x6e zephyr/libzephyr.a(soc_random.c.obj)
                0x0000000040381e52                soc_random_disable
 *libarch__riscv__core.a:(SORT_BY_ALIGNMENT(.literal) SORT_BY_ALIGNMENT(.text) SORT_BY_ALIGNMENT(.literal.*) SORT_BY_ALIGNMENT(.text.*))
 .text.z_riscv_switch
                0x0000000040381ec0       0x72 zephyr/arch/arch/riscv/core/libarch__riscv__core.a(switch.S.obj)
                0x0000000040381ec0                z_riscv_switch
 .text.arch_cpu_idle
                0x0000000040381f32       0x24 zephyr/arch/arch/riscv/core/libarch__riscv__core.a(cpu_idle.c.obj)
                0x0000000040381f32                arch_cpu_idle
 .text.z_log_msg_simple_create_2.constprop.0
                0x0000000040381f56        0xc zephyr/arch/arch/riscv/core/libarch__riscv__core.a(fatal.c.obj)
 .text.z_riscv_get_sp_before_exc
                0x0000000040381f62        0x6 zephyr/arch/arch/riscv/core/libarch__riscv__core.a(fatal.c.obj)
                0x0000000040381f62                z_riscv_get_sp_before_exc
 .text.z_riscv_fatal_error_csf
                0x0000000040381f68      0x23c zephyr/arch/arch/riscv/core/libarch__riscv__core.a(fatal.c.obj)
                0x0000000040381f68                z_riscv_fatal_error_csf
 .text.z_riscv_fatal_error
                0x00000000403821a4        0x8 zephyr/arch/arch/riscv/core/libarch__riscv__core.a(fatal.c.obj)
                0x00000000403821a4                z_riscv_fatal_error
 .text.z_riscv_fault
                0x00000000403821ac        0xa zephyr/arch/arch/riscv/core/libarch__riscv__core.a(fatal.c.obj)
                0x00000000403821ac                z_riscv_fault
 .text.z_irq_spurious
                0x00000000403821b6       0x28 zephyr/arch/arch/riscv/core/libarch__riscv__core.a(irq_manage.c.obj)
                0x00000000403821b6                z_irq_spurious
 .text.arch_irq_connect_dynamic
                0x00000000403821de       0x1e zephyr/arch/arch/riscv/core/libarch__riscv__core.a(irq_manage.c.obj)
                0x00000000403821de                arch_irq_connect_dynamic
 .text.arch_new_thread
                0x00000000403821fc       0x34 zephyr/arch/arch/riscv/core/libarch__riscv__core.a(thread.c.obj)
                0x00000000403821fc                arch_new_thread
 .text.arch_tls_stack_setup
                0x0000000040382230       0x5c zephyr/arch/arch/riscv/core/libarch__riscv__core.a(tls.c.obj)
                0x0000000040382230                arch_tls_stack_setup
 .text.in_stack_bound
                0x000000004038228c       0x20 zephyr/arch/arch/riscv/core/libarch__riscv__core.a(stacktrace.c.obj)
 .text.walk_stackframe
                0x00000000403822ac       0xc6 zephyr/arch/arch/riscv/core/libarch__riscv__core.a(stacktrace.c.obj)
 .text.in_fatal_stack_bound
                0x0000000040382372       0x36 zephyr/arch/arch/riscv/core/libarch__riscv__core.a(stacktrace.c.obj)
 .text.print_trace_address
                0x00000000403823a8       0x4e zephyr/arch/arch/riscv/core/libarch__riscv__core.a(stacktrace.c.obj)
 .text.z_riscv_unwind_stack
                0x00000000403823f6       0x5e zephyr/arch/arch/riscv/core/libarch__riscv__core.a(stacktrace.c.obj)
                0x00000000403823f6                z_riscv_unwind_stack
 *libkernel.a:(SORT_BY_ALIGNMENT(.literal) SORT_BY_ALIGNMENT(.text) SORT_BY_ALIGNMENT(.literal.*) SORT_BY_ALIGNMENT(.text.*))
 .text.z_device_state_init
                0x0000000040382454        0x2 zephyr/kernel/libkernel.a(device.c.obj)
                0x0000000040382454                z_device_state_init
 .text.z_impl_device_is_ready
                0x0000000040382456       0x1c zephyr/kernel/libkernel.a(device.c.obj)
                0x0000000040382456                z_impl_device_is_ready
 .text.arch_system_halt
                0x0000000040382472        0x6 zephyr/kernel/libkernel.a(fatal.c.obj)
                0x0000000040382472                arch_system_halt
 .text.k_sys_fatal_error_handler
                0x0000000040382478       0x22 zephyr/kernel/libkernel.a(fatal.c.obj)
                0x0000000040382478                k_sys_fatal_error_handler
 .text.z_fatal_error
                0x000000004038249a       0xf4 zephyr/kernel/libkernel.a(fatal.c.obj)
                0x000000004038249a                z_fatal_error
 .text.do_device_init
                0x000000004038258e       0x44 zephyr/kernel/libkernel.a(init.c.obj)
 .text.z_sys_init_run_level
                0x00000000403825d2       0x42 zephyr/kernel/libkernel.a(init.c.obj)
 .text.bg_thread_main
                0x0000000040382614       0xc8 zephyr/kernel/libkernel.a(init.c.obj)
 .text.z_early_memset
                0x00000000403826dc        0x8 zephyr/kernel/libkernel.a(init.c.obj)
                0x00000000403826dc                z_early_memset
 .text.z_bss_zero
                0x00000000403826e4       0x1c zephyr/kernel/libkernel.a(init.c.obj)
                0x00000000403826e4                z_bss_zero
 .text.z_init_cpu
                0x0000000040382700       0x86 zephyr/kernel/libkernel.a(init.c.obj)
                0x0000000040382700                z_init_cpu
 .text.z_cstart
                0x0000000040382786       0xba zephyr/kernel/libkernel.a(init.c.obj)
                0x0000000040382786                z_cstart
 .text.idle     0x0000000040382840        0xe zephyr/kernel/libkernel.a(idle.c.obj)
                0x0000000040382840                idle
 .text.z_impl_k_sem_init
                0x000000004038284e       0x18 zephyr/kernel/libkernel.a(sem.c.obj)
                0x000000004038284e                z_impl_k_sem_init
 .text.z_impl_k_sem_give
                0x0000000040382866       0x70 zephyr/kernel/libkernel.a(sem.c.obj)
                0x0000000040382866                z_impl_k_sem_give
 .text.z_impl_k_sem_take
                0x00000000403828d6       0x36 zephyr/kernel/libkernel.a(sem.c.obj)
                0x00000000403828d6                z_impl_k_sem_take
 .text.k_is_in_isr
                0x000000004038290c        0xe zephyr/kernel/libkernel.a(thread.c.obj)
                0x000000004038290c                k_is_in_isr
 .text.z_impl_k_thread_name_set
                0x000000004038291a        0x6 zephyr/kernel/libkernel.a(thread.c.obj)
                0x000000004038291a                z_impl_k_thread_name_set
 .text.k_thread_name_get
                0x0000000040382920        0x4 zephyr/kernel/libkernel.a(thread.c.obj)
                0x0000000040382920                k_thread_name_get
 .text.z_setup_new_thread
                0x0000000040382924       0x98 zephyr/kernel/libkernel.a(thread.c.obj)
                0x0000000040382924                z_setup_new_thread
 .text.z_impl_k_thread_create
                0x00000000403829bc       0x52 zephyr/kernel/libkernel.a(thread.c.obj)
                0x00000000403829bc                z_impl_k_thread_create
 .text.z_dummy_thread_init
                0x0000000040382a0e       0x2c zephyr/kernel/libkernel.a(thread.c.obj)
                0x0000000040382a0e                z_dummy_thread_init
 .text.sys_dlist_remove
                0x0000000040382a3a       0x12 zephyr/kernel/libkernel.a(sched.c.obj)
 .text.unpend_thread_no_timeout
                0x0000000040382a4c       0x20 zephyr/kernel/libkernel.a(sched.c.obj)
 .text.ready_thread
                0x0000000040382a6c       0xa8 zephyr/kernel/libkernel.a(sched.c.obj)
 .text.unready_thread
                0x0000000040382b14       0x76 zephyr/kernel/libkernel.a(sched.c.obj)
 .text.add_thread_timeout
                0x0000000040382b8a       0x1e zephyr/kernel/libkernel.a(sched.c.obj)
 .text.z_swap   0x0000000040382ba8       0x66 zephyr/kernel/libkernel.a(sched.c.obj)
 .text.add_to_waitq_locked
                0x0000000040382c0e       0x5e zephyr/kernel/libkernel.a(sched.c.obj)
 .text.move_thread_to_end_of_prio_q
                0x0000000040382c6c       0xbc zephyr/kernel/libkernel.a(sched.c.obj)
                0x0000000040382c6c                move_thread_to_end_of_prio_q
 .text.z_ready_thread
                0x0000000040382d28       0x1c zephyr/kernel/libkernel.a(sched.c.obj)
                0x0000000040382d28                z_ready_thread
 .text.z_unpend_thread_no_timeout
                0x0000000040382d44       0x20 zephyr/kernel/libkernel.a(sched.c.obj)
                0x0000000040382d44                z_unpend_thread_no_timeout
 .text.z_sched_wake_thread
                0x0000000040382d64       0x40 zephyr/kernel/libkernel.a(sched.c.obj)
                0x0000000040382d64                z_sched_wake_thread
 .text.z_thread_timeout
                0x0000000040382da4        0x6 zephyr/kernel/libkernel.a(sched.c.obj)
                0x0000000040382da4                z_thread_timeout
 .text.z_pend_curr
                0x0000000040382daa       0x48 zephyr/kernel/libkernel.a(sched.c.obj)
                0x0000000040382daa                z_pend_curr
 .text.z_unpend1_no_timeout
                0x0000000040382df2       0x2e zephyr/kernel/libkernel.a(sched.c.obj)
                0x0000000040382df2                z_unpend1_no_timeout
 .text.z_unpend_thread
                0x0000000040382e20       0x18 zephyr/kernel/libkernel.a(sched.c.obj)
                0x0000000040382e20                z_unpend_thread
 .text.z_reschedule
                0x0000000040382e38       0x24 zephyr/kernel/libkernel.a(sched.c.obj)
                0x0000000040382e38                z_reschedule
 .text.z_reschedule_irqlock
                0x0000000040382e5c       0x52 zephyr/kernel/libkernel.a(sched.c.obj)
                0x0000000040382e5c                z_reschedule_irqlock
 .text.k_sched_lock
                0x0000000040382eae       0x20 zephyr/kernel/libkernel.a(sched.c.obj)
                0x0000000040382eae                k_sched_lock
 .text.k_sched_unlock
                0x0000000040382ece       0x70 zephyr/kernel/libkernel.a(sched.c.obj)
                0x0000000040382ece                k_sched_unlock
 .text.z_swap_next_thread
                0x0000000040382f3e        0xc zephyr/kernel/libkernel.a(sched.c.obj)
                0x0000000040382f3e                z_swap_next_thread
 .text.z_get_next_switch_handle
                0x0000000040382f4a       0x18 zephyr/kernel/libkernel.a(sched.c.obj)
                0x0000000040382f4a                z_get_next_switch_handle
 .text.z_unpend_all
                0x0000000040382f62       0x30 zephyr/kernel/libkernel.a(sched.c.obj)
                0x0000000040382f62                z_unpend_all
 .text.z_sched_init
                0x0000000040382f92       0x16 zephyr/kernel/libkernel.a(sched.c.obj)
                0x0000000040382f92                z_sched_init
 .text.z_impl_k_yield
                0x0000000040382fa8       0x9c zephyr/kernel/libkernel.a(sched.c.obj)
                0x0000000040382fa8                z_impl_k_yield
 .text.z_tick_sleep
                0x0000000040383044       0x84 zephyr/kernel/libkernel.a(sched.c.obj)
 .text.z_impl_k_sleep
                0x00000000403830c8       0x36 zephyr/kernel/libkernel.a(sched.c.obj)
                0x00000000403830c8                z_impl_k_sleep
 .text.z_impl_k_wakeup
                0x00000000403830fe       0x46 zephyr/kernel/libkernel.a(sched.c.obj)
                0x00000000403830fe                z_impl_k_wakeup
 .text.z_impl_k_sched_current_thread_query
                0x0000000040383144        0xc zephyr/kernel/libkernel.a(sched.c.obj)
                0x0000000040383144                z_impl_k_sched_current_thread_query
 .text.z_thread_abort
                0x0000000040383150      0x140 zephyr/kernel/libkernel.a(sched.c.obj)
                0x0000000040383150                z_thread_abort
 .text.z_impl_k_thread_abort
                0x0000000040383290        0x4 zephyr/kernel/libkernel.a(sched.c.obj)
                0x0000000040383290                z_impl_k_thread_abort
 .text.slice_timeout
                0x0000000040383294       0x2c zephyr/kernel/libkernel.a(timeslicing.c.obj)
 .text.thread_is_sliceable
                0x00000000403832c0       0x44 zephyr/kernel/libkernel.a(timeslicing.c.obj)
                0x00000000403832c0                thread_is_sliceable
 .text.z_reset_time_slice
                0x0000000040383304       0x68 zephyr/kernel/libkernel.a(timeslicing.c.obj)
                0x0000000040383304                z_reset_time_slice
 .text.z_time_slice
                0x000000004038336c       0x56 zephyr/kernel/libkernel.a(timeslicing.c.obj)
                0x000000004038336c                z_time_slice
 .text.first    0x00000000403833c2        0xe zephyr/kernel/libkernel.a(timeout.c.obj)
 .text.next_timeout
                0x00000000403833d0       0x40 zephyr/kernel/libkernel.a(timeout.c.obj)
 .text.elapsed  0x0000000040383410       0x16 zephyr/kernel/libkernel.a(timeout.c.obj)
 .text.remove_timeout
                0x0000000040383426       0x38 zephyr/kernel/libkernel.a(timeout.c.obj)
 .text.z_add_timeout
                0x000000004038345e      0x164 zephyr/kernel/libkernel.a(timeout.c.obj)
                0x000000004038345e                z_add_timeout
 .text.z_abort_timeout
                0x00000000403835c2       0x58 zephyr/kernel/libkernel.a(timeout.c.obj)
                0x00000000403835c2                z_abort_timeout
 .text.sys_clock_announce
                0x000000004038361a       0xd2 zephyr/kernel/libkernel.a(timeout.c.obj)
                0x000000004038361a                sys_clock_announce
 .text.sys_clock_tick_get
                0x00000000403836ec       0x38 zephyr/kernel/libkernel.a(timeout.c.obj)
                0x00000000403836ec                sys_clock_tick_get
 .text.sys_clock_tick_get_32
                0x0000000040383724        0xe zephyr/kernel/libkernel.a(timeout.c.obj)
                0x0000000040383724                sys_clock_tick_get_32
 .text.z_impl_k_uptime_ticks
                0x0000000040383732        0x4 zephyr/kernel/libkernel.a(timeout.c.obj)
                0x0000000040383732                z_impl_k_uptime_ticks
 .text.z_timer_expiration_handler
                0x0000000040383736      0x134 zephyr/kernel/libkernel.a(timer.c.obj)
                0x0000000040383736                z_timer_expiration_handler
 .text.k_timer_init
                0x000000004038386a       0x1e zephyr/kernel/libkernel.a(timer.c.obj)
                0x000000004038386a                k_timer_init
 .text.z_impl_k_timer_start
                0x0000000040383888       0x82 zephyr/kernel/libkernel.a(timer.c.obj)
                0x0000000040383888                z_impl_k_timer_start
 .text.z_impl_k_timer_stop
                0x000000004038390a       0x3a zephyr/kernel/libkernel.a(timer.c.obj)
                0x000000004038390a                z_impl_k_timer_stop
 .text.z_impl_atomic_add
                0x0000000040383944       0x16 zephyr/kernel/libkernel.a(atomic_c.c.obj)
                0x0000000040383944                z_impl_atomic_add
 .text.z_impl_atomic_sub
                0x000000004038395a       0x18 zephyr/kernel/libkernel.a(atomic_c.c.obj)
                0x000000004038395a                z_impl_atomic_sub
 .text.z_impl_atomic_set
                0x0000000040383972       0x14 zephyr/kernel/libkernel.a(atomic_c.c.obj)
                0x0000000040383972                z_impl_atomic_set
 .text.z_alloc_helper
                0x0000000040383986       0x3a zephyr/kernel/libkernel.a(mempool.c.obj)
 .text.k_free   0x00000000403839c0        0xe zephyr/kernel/libkernel.a(mempool.c.obj)
                0x00000000403839c0                k_free
 .text.k_malloc
                0x00000000403839ce       0x18 zephyr/kernel/libkernel.a(mempool.c.obj)
                0x00000000403839ce                k_malloc
 .text.k_thread_system_pool_assign
                0x00000000403839e6        0xe zephyr/kernel/libkernel.a(mempool.c.obj)
                0x00000000403839e6                k_thread_system_pool_assign
 .text.boot_banner
                0x00000000403839f4        0xc zephyr/kernel/libkernel.a(banner.c.obj)
                0x00000000403839f4                boot_banner
 .text.k_heap_init
                0x0000000040383a00       0x10 zephyr/kernel/libkernel.a(kheap.c.obj)
                0x0000000040383a00                k_heap_init
 .text.statics_init
                0x0000000040383a10       0x36 zephyr/kernel/libkernel.a(kheap.c.obj)
 .text.k_heap_free
                0x0000000040383a46       0x42 zephyr/kernel/libkernel.a(kheap.c.obj)
                0x0000000040383a46                k_heap_free
 *libgcc.a:lib2funcs.*(SORT_BY_ALIGNMENT(.literal) SORT_BY_ALIGNMENT(.text) SORT_BY_ALIGNMENT(.literal.*) SORT_BY_ALIGNMENT(.text.*))
 *libdrivers__flash.a:flash_esp32.*(SORT_BY_ALIGNMENT(.literal) SORT_BY_ALIGNMENT(.text) SORT_BY_ALIGNMENT(.literal.*) SORT_BY_ALIGNMENT(.text.*))
 *libzephyr.a:log_noos.*(SORT_BY_ALIGNMENT(.literal) SORT_BY_ALIGNMENT(.text) SORT_BY_ALIGNMENT(.literal.*) SORT_BY_ALIGNMENT(.text.*))
 .text.esp_log_impl_lock
                0x0000000040383a88       0x1e zephyr/libzephyr.a(log_noos.c.obj)
                0x0000000040383a88                esp_log_impl_lock
 .text.esp_log_impl_lock_timeout
                0x0000000040383aa6       0x10 zephyr/libzephyr.a(log_noos.c.obj)
                0x0000000040383aa6                esp_log_impl_lock_timeout
 .text.esp_log_impl_unlock
                0x0000000040383ab6       0x20 zephyr/libzephyr.a(log_noos.c.obj)
                0x0000000040383ab6                esp_log_impl_unlock
 .text.esp_log_early_timestamp
                0x0000000040383ad6       0x26 zephyr/libzephyr.a(log_noos.c.obj)
                0x0000000040383ad6                esp_log_early_timestamp
                0x0000000040383ad6                esp_log_timestamp
 *libdrivers__timer.a:esp32c3_sys_timer.*(SORT_BY_ALIGNMENT(.literal) SORT_BY_ALIGNMENT(.text) SORT_BY_ALIGNMENT(.literal.*) SORT_BY_ALIGNMENT(.text.*))
 *libzephyr.a:log_core.*(SORT_BY_ALIGNMENT(.literal) SORT_BY_ALIGNMENT(.text) SORT_BY_ALIGNMENT(.literal.*) SORT_BY_ALIGNMENT(.text.*))
 .text.log_msg_generic_get_wlen
                0x0000000040383afc       0x22 zephyr/libzephyr.a(log_core.c.obj)
 .text.dummy_timestamp
                0x0000000040383b1e        0x4 zephyr/libzephyr.a(log_core.c.obj)
 .text.activate_foreach_backend
                0x0000000040383b22       0x84 zephyr/libzephyr.a(log_core.c.obj)
 .text.atomic_inc
                0x0000000040383ba6        0x6 zephyr/libzephyr.a(log_core.c.obj)
 .text.enable_logger
                0x0000000040383bac       0x62 zephyr/libzephyr.a(log_core.c.obj)
 .text.default_lf_get_timestamp
                0x0000000040383c0e        0xe zephyr/libzephyr.a(log_core.c.obj)
 .text.log_process_thread_timer_expiry_fn
                0x0000000040383c1c        0xc zephyr/libzephyr.a(log_core.c.obj)
 .text.z_log_init
                0x0000000040383c28       0xb2 zephyr/libzephyr.a(log_core.c.obj)
 .text.log_format_func_t_get
                0x0000000040383cda        0xc zephyr/libzephyr.a(log_core.c.obj)
                0x0000000040383cda                log_format_func_t_get
 .text.z_log_vprintk
                0x0000000040383ce6       0x14 zephyr/libzephyr.a(log_core.c.obj)
                0x0000000040383ce6                z_log_vprintk
 .text.log_set_timestamp_func
                0x0000000040383cfa       0x22 zephyr/libzephyr.a(log_core.c.obj)
                0x0000000040383cfa                log_set_timestamp_func
 .text.z_log_notify_backend_enabled
                0x0000000040383d1c       0x2a zephyr/libzephyr.a(log_core.c.obj)
                0x0000000040383d1c                z_log_notify_backend_enabled
 .text.z_log_dropped
                0x0000000040383d46       0x42 zephyr/libzephyr.a(log_core.c.obj)
                0x0000000040383d46                z_log_dropped
 .text.z_log_notify_drop
                0x0000000040383d88        0x6 zephyr/libzephyr.a(log_core.c.obj)
 .text.z_log_dropped_read_and_clear
                0x0000000040383d8e        0xe zephyr/libzephyr.a(log_core.c.obj)
                0x0000000040383d8e                z_log_dropped_read_and_clear
 .text.dropped_notify
                0x0000000040383d9c       0x48 zephyr/libzephyr.a(log_core.c.obj)
                0x0000000040383d9c                dropped_notify
 .text.z_log_msg_init
                0x0000000040383de4       0x2e zephyr/libzephyr.a(log_core.c.obj)
                0x0000000040383de4                z_log_msg_init
 .text.log_core_init
                0x0000000040383e12       0x60 zephyr/libzephyr.a(log_core.c.obj)
                0x0000000040383e12                log_core_init
 .text.z_log_msg_alloc
                0x0000000040383e72       0x16 zephyr/libzephyr.a(log_core.c.obj)
                0x0000000040383e72                z_log_msg_alloc
 .text.z_log_msg_local_claim
                0x0000000040383e88       0x10 zephyr/libzephyr.a(log_core.c.obj)
                0x0000000040383e88                z_log_msg_local_claim
 .text.z_log_msg_free
                0x0000000040383e98       0x12 zephyr/libzephyr.a(log_core.c.obj)
                0x0000000040383e98                z_log_msg_free
 .text.z_log_msg_pending
                0x0000000040383eaa       0x10 zephyr/libzephyr.a(log_core.c.obj)
                0x0000000040383eaa                z_log_msg_pending
 .text.z_impl_log_process
                0x0000000040383eba       0xbe zephyr/libzephyr.a(log_core.c.obj)
                0x0000000040383eba                z_impl_log_process
 .text.z_impl_log_panic
                0x0000000040383f78       0x5c zephyr/libzephyr.a(log_core.c.obj)
                0x0000000040383f78                z_impl_log_panic
 .text.log_process_thread_func
                0x0000000040383fd4       0xae zephyr/libzephyr.a(log_core.c.obj)
 .text.z_log_msg_post_finalize
                0x0000000040384082       0x7e zephyr/libzephyr.a(log_core.c.obj)
 .text.z_log_msg_commit
                0x0000000040384100       0x2c zephyr/libzephyr.a(log_core.c.obj)
                0x0000000040384100                z_log_msg_commit
 .text.z_log_get_tag
                0x000000004038412c        0x4 zephyr/libzephyr.a(log_core.c.obj)
                0x000000004038412c                z_log_get_tag
 *libzephyr.a:cbprintf_complete.*(SORT_BY_ALIGNMENT(.literal) SORT_BY_ALIGNMENT(.text) SORT_BY_ALIGNMENT(.literal.*) SORT_BY_ALIGNMENT(.text.*))
 *libzephyr.a:printk.*(SORT_BY_ALIGNMENT(.literal.printk) SORT_BY_ALIGNMENT(.literal.vprintk) SORT_BY_ALIGNMENT(.literal.char_out) SORT_BY_ALIGNMENT(.text.printk) SORT_BY_ALIGNMENT(.text.vprintk) SORT_BY_ALIGNMENT(.text.char_out))
 .text.printk   0x0000000040384130       0x20 zephyr/libzephyr.a(printk.c.obj)
                0x0000000040384130                printk
 *libzephyr.a:log_msg.*(SORT_BY_ALIGNMENT(.literal) SORT_BY_ALIGNMENT(.text) SORT_BY_ALIGNMENT(.literal.*) SORT_BY_ALIGNMENT(.text.*))
 .text.z_cbprintf_cpy
                0x0000000040384150       0x42 zephyr/libzephyr.a(log_msg.c.obj)
 .text.z_log_msg_finalize
                0x0000000040384192       0x46 zephyr/libzephyr.a(log_msg.c.obj)
                0x0000000040384192                z_log_msg_finalize
 .text.z_log_msg_simple_create
                0x00000000403841d8       0x80 zephyr/libzephyr.a(log_msg.c.obj)
 .text.z_impl_z_log_msg_simple_create_0
                0x0000000040384258       0x14 zephyr/libzephyr.a(log_msg.c.obj)
                0x0000000040384258                z_impl_z_log_msg_simple_create_0
 .text.z_impl_z_log_msg_simple_create_1
                0x000000004038426c       0x16 zephyr/libzephyr.a(log_msg.c.obj)
                0x000000004038426c                z_impl_z_log_msg_simple_create_1
 .text.z_impl_z_log_msg_simple_create_2
                0x0000000040384282       0x18 zephyr/libzephyr.a(log_msg.c.obj)
                0x0000000040384282                z_impl_z_log_msg_simple_create_2
 .text.z_impl_z_log_msg_static_create
                0x000000004038429a      0x15c zephyr/libzephyr.a(log_msg.c.obj)
                0x000000004038429a                z_impl_z_log_msg_static_create
 .text.z_log_msg_runtime_vcreate
                0x00000000403843f6       0xd8 zephyr/libzephyr.a(log_msg.c.obj)
                0x00000000403843f6                z_log_msg_runtime_vcreate
 .text.log_msg_get_source_id
                0x00000000403844ce       0x1a zephyr/libzephyr.a(log_msg.c.obj)
                0x00000000403844ce                log_msg_get_source_id
 *libzephyr.a:log_list.*(SORT_BY_ALIGNMENT(.literal) SORT_BY_ALIGNMENT(.text) SORT_BY_ALIGNMENT(.literal.*) SORT_BY_ALIGNMENT(.text.*))
 *libdrivers__console.a:uart_console.*(SORT_BY_ALIGNMENT(.literal.console_out) SORT_BY_ALIGNMENT(.text.console_out))
 .text.console_out
                0x00000000403844e8       0x46 zephyr/drivers/console/libdrivers__console.a(uart_console.c.obj)
 *libzephyr.a:log_output.*(SORT_BY_ALIGNMENT(.literal) SORT_BY_ALIGNMENT(.text) SORT_BY_ALIGNMENT(.literal.*) SORT_BY_ALIGNMENT(.text.*))
 .text.log_output_write
                0x000000004038452e       0x32 zephyr/libzephyr.a(log_output.c.obj)
 .text.log_output_flush
                0x0000000040384560       0x24 zephyr/libzephyr.a(log_output.c.obj)
 .text.print_formatted
                0x0000000040384584       0x2e zephyr/libzephyr.a(log_output.c.obj)
 .text.newline_print
                0x00000000403845b2       0x1c zephyr/libzephyr.a(log_output.c.obj)
 .text.out_func
                0x00000000403845ce       0x38 zephyr/libzephyr.a(log_output.c.obj)
 .text.cr_out_func
                0x0000000040384606       0x2c zephyr/libzephyr.a(log_output.c.obj)
 .text.log_output_process
                0x0000000040384632      0x2c0 zephyr/libzephyr.a(log_output.c.obj)
                0x0000000040384632                log_output_process
 .text.log_output_msg_process
                0x00000000403848f2       0x80 zephyr/libzephyr.a(log_output.c.obj)
                0x00000000403848f2                log_output_msg_process
 .text.log_output_dropped_process
                0x0000000040384972       0x68 zephyr/libzephyr.a(log_output.c.obj)
                0x0000000040384972                log_output_dropped_process
 .text.log_output_timestamp_freq_set
                0x00000000403849da       0x2e zephyr/libzephyr.a(log_output.c.obj)
                0x00000000403849da                log_output_timestamp_freq_set
 *libzephyr.a:log_backend_uart.*(SORT_BY_ALIGNMENT(.literal) SORT_BY_ALIGNMENT(.text) SORT_BY_ALIGNMENT(.literal.*) SORT_BY_ALIGNMENT(.text.*))
 .text.format_set
                0x0000000040384a08        0xc zephyr/libzephyr.a(log_backend_uart.c.obj)
 .text.log_backend_uart_init
                0x0000000040384a14        0xc zephyr/libzephyr.a(log_backend_uart.c.obj)
 .text.panic    0x0000000040384a20       0x52 zephyr/libzephyr.a(log_backend_uart.c.obj)
 .text.dropped  0x0000000040384a72        0xa zephyr/libzephyr.a(log_backend_uart.c.obj)
 .text.process  0x0000000040384a7c       0x24 zephyr/libzephyr.a(log_backend_uart.c.obj)
 .text.char_out
                0x0000000040384aa0       0x42 zephyr/libzephyr.a(log_backend_uart.c.obj)
 *libzephyr.a:rtc_*.*(SORT_BY_ALIGNMENT(.literal) SORT_BY_ALIGNMENT(.text) SORT_BY_ALIGNMENT(.literal.*) SORT_BY_ALIGNMENT(.text.*))
 .text.get_rtc_dbias_by_efuse
                0x0000000040384ae2       0xda zephyr/libzephyr.a(rtc_init.c.obj)
                0x0000000040384ae2                get_rtc_dbias_by_efuse
 .text.rtc_init
                0x0000000040384bbc      0x4c0 zephyr/libzephyr.a(rtc_init.c.obj)
                0x0000000040384bbc                rtc_init
 .text.rtc_clk_bbpll_disable
                0x000000004038507c       0x16 zephyr/libzephyr.a(rtc_clk.c.obj)
 .text.rtc_clk_cpu_freq_to_pll_mhz
                0x0000000040385092       0x68 zephyr/libzephyr.a(rtc_clk.c.obj)
 .text.rtc_clk_32k_enable.part.0
                0x00000000403850fa       0x56 zephyr/libzephyr.a(rtc_clk.c.obj)
 .text.rtc_clk_32k_enable
                0x0000000040385150       0x1e zephyr/libzephyr.a(rtc_clk.c.obj)
                0x0000000040385150                rtc_clk_32k_enable
 .text.rtc_clk_32k_enable_external
                0x000000004038516e       0x28 zephyr/libzephyr.a(rtc_clk.c.obj)
                0x000000004038516e                rtc_clk_32k_enable_external
 .text.rtc_clk_8m_enable
                0x0000000040385196       0x66 zephyr/libzephyr.a(rtc_clk.c.obj)
                0x0000000040385196                rtc_clk_8m_enable
 .text.rtc_clk_slow_src_set
                0x00000000403851fc       0x6c zephyr/libzephyr.a(rtc_clk.c.obj)
                0x00000000403851fc                rtc_clk_slow_src_set
 .text.rtc_clk_slow_src_get
                0x0000000040385268        0xa zephyr/libzephyr.a(rtc_clk.c.obj)
                0x0000000040385268                rtc_clk_slow_src_get
 .text.rtc_clk_fast_src_set
                0x0000000040385272       0x3e zephyr/libzephyr.a(rtc_clk.c.obj)
                0x0000000040385272                rtc_clk_fast_src_set
 .text.rtc_clk_fast_src_get
                0x00000000403852b0        0xc zephyr/libzephyr.a(rtc_clk.c.obj)
                0x00000000403852b0                rtc_clk_fast_src_get
 .text.rtc_clk_xtal_freq_get
                0x00000000403852bc       0x5e zephyr/libzephyr.a(rtc_clk.c.obj)
                0x00000000403852bc                rtc_clk_xtal_freq_get
                0x00000000403852bc                rtc_get_xtal
 .text.rtc_clk_cpu_freq_mhz_to_config
                0x000000004038531a       0x62 zephyr/libzephyr.a(rtc_clk.c.obj)
                0x000000004038531a                rtc_clk_cpu_freq_mhz_to_config
 .text.rtc_clk_cpu_freq_get_config
                0x000000004038537c       0xc0 zephyr/libzephyr.a(rtc_clk.c.obj)
                0x000000004038537c                rtc_clk_cpu_freq_get_config
 .text.rtc_clk_xtal_freq_update
                0x000000004038543c       0x2a zephyr/libzephyr.a(rtc_clk.c.obj)
                0x000000004038543c                rtc_clk_xtal_freq_update
 .text.rtc_clk_apb_freq_update
                0x0000000040385466       0x16 zephyr/libzephyr.a(rtc_clk.c.obj)
                0x0000000040385466                rtc_clk_apb_freq_update
 .text.rtc_clk_cpu_freq_to_xtal
                0x000000004038547c       0x54 zephyr/libzephyr.a(rtc_clk.c.obj)
 .text.rtc_clk_cpu_set_to_default_config
                0x00000000403854d0       0x12 zephyr/libzephyr.a(rtc_clk.c.obj)
                0x00000000403854d0                rtc_clk_cpu_set_to_default_config
 .text.rtc_clk_cpu_freq_set_xtal
                0x00000000403854e2       0x10 zephyr/libzephyr.a(rtc_clk.c.obj)
                0x00000000403854e2                rtc_clk_cpu_freq_set_xtal
 .text.rtc_clk_cpu_freq_set_config
                0x00000000403854f2      0x244 zephyr/libzephyr.a(rtc_clk.c.obj)
                0x00000000403854f2                rtc_clk_cpu_freq_set_config
 .text.rtc_clk_divider_set
                0x0000000040385736       0x32 zephyr/libzephyr.a(rtc_clk.c.obj)
                0x0000000040385736                rtc_clk_divider_set
 .text.rtc_clk_8m_divider_set
                0x0000000040385768       0x26 zephyr/libzephyr.a(rtc_clk.c.obj)
                0x0000000040385768                rtc_clk_8m_divider_set
 .text.rtc_clk_init
                0x000000004038578e      0x150 zephyr/libzephyr.a(rtc_clk_init.c.obj)
                0x000000004038578e                rtc_clk_init
 .text.rtc_clk_cal_internal
                0x00000000403858de      0x288 zephyr/libzephyr.a(rtc_time.c.obj)
                0x00000000403858de                rtc_clk_cal_internal
 .text.rtc_clk_cal
                0x0000000040385b66       0xde zephyr/libzephyr.a(rtc_time.c.obj)
                0x0000000040385b66                rtc_clk_cal
 .text.rtc_time_us_to_slowclk
                0x0000000040385c44       0x94 zephyr/libzephyr.a(rtc_time.c.obj)
                0x0000000040385c44                rtc_time_us_to_slowclk
 .text.rtc_time_get
                0x0000000040385cd8       0x14 zephyr/libzephyr.a(rtc_time.c.obj)
                0x0000000040385cd8                rtc_time_get
 .text.rtc_clk_freq_cal
                0x0000000040385cec       0x22 zephyr/libzephyr.a(rtc_time.c.obj)
                0x0000000040385cec                rtc_clk_freq_cal
 .text.rtc_sleep_pu
                0x0000000040385d0e      0x146 zephyr/libzephyr.a(rtc_sleep.c.obj)
                0x0000000040385d0e                rtc_sleep_pu
 *libzephyr.a:periph_ctrl.*(SORT_BY_ALIGNMENT(.literal) SORT_BY_ALIGNMENT(.text) SORT_BY_ALIGNMENT(.literal.*) SORT_BY_ALIGNMENT(.text.*))
 .text.periph_ll_get_rst_en_mask
                0x0000000040385e54       0x90 zephyr/libzephyr.a(periph_ctrl.c.obj)
 .text.periph_ll_get_rst_en_reg
                0x0000000040385ee4       0x30 zephyr/libzephyr.a(periph_ctrl.c.obj)
 .text.periph_module_enable
                0x0000000040385f14       0xc4 zephyr/libzephyr.a(periph_ctrl.c.obj)
                0x0000000040385f14                periph_module_enable
 .text.periph_module_disable
                0x0000000040385fd8       0xb6 zephyr/libzephyr.a(periph_ctrl.c.obj)
                0x0000000040385fd8                periph_module_disable
 *libzephyr.a:regi2c_ctrl.*(SORT_BY_ALIGNMENT(.literal) SORT_BY_ALIGNMENT(.text) SORT_BY_ALIGNMENT(.literal.*) SORT_BY_ALIGNMENT(.text.*))
 *libgcov.a:(SORT_BY_ALIGNMENT(.literal) SORT_BY_ALIGNMENT(.text) SORT_BY_ALIGNMENT(.literal.*) SORT_BY_ALIGNMENT(.text.*))
 *libphy.a:(SORT_BY_ALIGNMENT(.phyiram) SORT_BY_ALIGNMENT(.phyiram.*))
 *librtc.a:(SORT_BY_ALIGNMENT(.literal) SORT_BY_ALIGNMENT(.text) SORT_BY_ALIGNMENT(.literal.*) SORT_BY_ALIGNMENT(.text.*))
 *libzephyr.a:efuse_hal.*(SORT_BY_ALIGNMENT(.literal) SORT_BY_ALIGNMENT(.text) SORT_BY_ALIGNMENT(.literal.*) SORT_BY_ALIGNMENT(.text.*))
 *libzephyr.a:mmu_hal.*(SORT_BY_ALIGNMENT(.literal) SORT_BY_ALIGNMENT(.text) SORT_BY_ALIGNMENT(.literal.*) SORT_BY_ALIGNMENT(.text.*))
 .text.mmu_hal_unmap_all
                0x000000004038608e       0x16 zephyr/libzephyr.a(mmu_hal.c.obj)
                0x000000004038608e                mmu_hal_unmap_all
 .text.mmu_hal_init
                0x00000000403860a4       0x14 zephyr/libzephyr.a(mmu_hal.c.obj)
                0x00000000403860a4                mmu_hal_init
 .text.mmu_hal_map_region
                0x00000000403860b8       0x36 zephyr/libzephyr.a(mmu_hal.c.obj)
                0x00000000403860b8                mmu_hal_map_region
 .text.mmu_hal_paddr_to_vaddr
                0x00000000403860ee       0x50 zephyr/libzephyr.a(mmu_hal.c.obj)
                0x00000000403860ee                mmu_hal_paddr_to_vaddr
 .text.mmu_hal_check_valid_ext_vaddr_region
                0x000000004038613e       0x58 zephyr/libzephyr.a(mmu_hal.c.obj)
                0x000000004038613e                mmu_hal_check_valid_ext_vaddr_region
 *libzephyr.a:spi_flash_hal_iram.*(SORT_BY_ALIGNMENT(.literal) SORT_BY_ALIGNMENT(.literal.*) SORT_BY_ALIGNMENT(.text) SORT_BY_ALIGNMENT(.text.*))
 .text.spimem_flash_ll_set_buffer_data
                0x0000000040386196       0x6a zephyr/libzephyr.a(spi_flash_hal_iram.c.obj)
 .text.spimem_flash_ll_get_buffer_data
                0x0000000040386200       0x8c zephyr/libzephyr.a(spi_flash_hal_iram.c.obj)
 .text.spi_flash_hal_poll_cmd_done
                0x000000004038628c        0x8 zephyr/libzephyr.a(spi_flash_hal_iram.c.obj)
                0x000000004038628c                spi_flash_hal_poll_cmd_done
 .text.spi_flash_hal_configure_host_io_mode
                0x0000000040386294      0x17e zephyr/libzephyr.a(spi_flash_hal_iram.c.obj)
                0x0000000040386294                spi_flash_hal_configure_host_io_mode
 .text.spi_flash_hal_common_command
                0x0000000040386412       0xfe zephyr/libzephyr.a(spi_flash_hal_iram.c.obj)
                0x0000000040386412                spi_flash_hal_common_command
 .text.spi_flash_hal_read
                0x0000000040386510       0x6e zephyr/libzephyr.a(spi_flash_hal_iram.c.obj)
                0x0000000040386510                spi_flash_hal_read
 .text.spi_flash_hal_erase_chip
                0x000000004038657e       0x1a zephyr/libzephyr.a(spi_flash_hal_iram.c.obj)
                0x000000004038657e                spi_flash_hal_erase_chip
 .text.spi_flash_hal_erase_sector
                0x0000000040386598       0x3e zephyr/libzephyr.a(spi_flash_hal_iram.c.obj)
                0x0000000040386598                spi_flash_hal_erase_sector
 .text.spi_flash_hal_erase_block
                0x00000000403865d6       0x38 zephyr/libzephyr.a(spi_flash_hal_iram.c.obj)
                0x00000000403865d6                spi_flash_hal_erase_block
 .text.spi_flash_hal_program_page
                0x000000004038660e       0x60 zephyr/libzephyr.a(spi_flash_hal_iram.c.obj)
                0x000000004038660e                spi_flash_hal_program_page
 .text.spi_flash_hal_set_write_protect
                0x000000004038666e       0x24 zephyr/libzephyr.a(spi_flash_hal_iram.c.obj)
                0x000000004038666e                spi_flash_hal_set_write_protect
 .text.spi_flash_hal_check_status
                0x0000000040386692       0x18 zephyr/libzephyr.a(spi_flash_hal_iram.c.obj)
                0x0000000040386692                spi_flash_hal_check_status
 .text.spi_flash_hal_setup_read_suspend
                0x00000000403866aa       0x9a zephyr/libzephyr.a(spi_flash_hal_iram.c.obj)
                0x00000000403866aa                spi_flash_hal_setup_read_suspend
 .text.spi_flash_hal_setup_auto_suspend_mode
                0x0000000040386744       0x52 zephyr/libzephyr.a(spi_flash_hal_iram.c.obj)
                0x0000000040386744                spi_flash_hal_setup_auto_suspend_mode
 .text.spi_flash_hal_setup_auto_resume_mode
                0x0000000040386796       0x2a zephyr/libzephyr.a(spi_flash_hal_iram.c.obj)
                0x0000000040386796                spi_flash_hal_setup_auto_resume_mode
 .text.spi_flash_hal_disable_auto_suspend_mode
                0x00000000403867c0       0x50 zephyr/libzephyr.a(spi_flash_hal_iram.c.obj)
                0x00000000403867c0                spi_flash_hal_disable_auto_suspend_mode
 .text.spi_flash_hal_disable_auto_resume_mode
                0x0000000040386810       0x2a zephyr/libzephyr.a(spi_flash_hal_iram.c.obj)
                0x0000000040386810                spi_flash_hal_disable_auto_resume_mode
 .text.spi_flash_hal_device_config
                0x000000004038683a       0xa6 zephyr/libzephyr.a(spi_flash_hal_iram.c.obj)
                0x000000004038683a                spi_flash_hal_device_config
 .text.spi_flash_hal_resume
                0x00000000403868e0       0x10 zephyr/libzephyr.a(spi_flash_hal_iram.c.obj)
                0x00000000403868e0                spi_flash_hal_resume
 .text.spi_flash_hal_suspend
                0x00000000403868f0       0x10 zephyr/libzephyr.a(spi_flash_hal_iram.c.obj)
                0x00000000403868f0                spi_flash_hal_suspend
 *libzephyr.a:spi_flash_encrypt_hal_iram.*(SORT_BY_ALIGNMENT(.literal) SORT_BY_ALIGNMENT(.text) SORT_BY_ALIGNMENT(.literal.*) SORT_BY_ALIGNMENT(.text.*))
 .text.spi_flash_encryption_hal_enable
                0x0000000040386900       0x16 zephyr/libzephyr.a(spi_flash_encrypt_hal_iram.c.obj)
                0x0000000040386900                spi_flash_encryption_hal_enable
 .text.spi_flash_encryption_hal_disable
                0x0000000040386916        0xc zephyr/libzephyr.a(spi_flash_encrypt_hal_iram.c.obj)
                0x0000000040386916                spi_flash_encryption_hal_disable
 .text.spi_flash_encryption_hal_prepare
                0x0000000040386922       0x2c zephyr/libzephyr.a(spi_flash_encrypt_hal_iram.c.obj)
                0x0000000040386922                spi_flash_encryption_hal_prepare
 .text.spi_flash_encryption_hal_done
                0x000000004038694e       0x1c zephyr/libzephyr.a(spi_flash_encrypt_hal_iram.c.obj)
                0x000000004038694e                spi_flash_encryption_hal_done
 .text.spi_flash_encryption_hal_destroy
                0x000000004038696a        0xa zephyr/libzephyr.a(spi_flash_encrypt_hal_iram.c.obj)
                0x000000004038696a                spi_flash_encryption_hal_destroy
 .text.spi_flash_encryption_hal_check
                0x0000000040386974        0xa zephyr/libzephyr.a(spi_flash_encrypt_hal_iram.c.obj)
                0x0000000040386974                spi_flash_encryption_hal_check
 *libzephyr.a:cache_hal.*(SORT_BY_ALIGNMENT(.literal) SORT_BY_ALIGNMENT(.text) SORT_BY_ALIGNMENT(.literal.*) SORT_BY_ALIGNMENT(.text.*))
 .text.cache_hal_init
                0x000000004038697e       0x3a zephyr/libzephyr.a(cache_hal.c.obj)
                0x000000004038697e                cache_hal_init
 .text.cache_hal_disable
                0x00000000403869b8        0x8 zephyr/libzephyr.a(cache_hal.c.obj)
                0x00000000403869b8                cache_hal_disable
 .text.cache_hal_enable
                0x00000000403869c0       0x12 zephyr/libzephyr.a(cache_hal.c.obj)
                0x00000000403869c0                cache_hal_enable
 .text.cache_hal_suspend
                0x00000000403869d2        0x8 zephyr/libzephyr.a(cache_hal.c.obj)
                0x00000000403869d2                cache_hal_suspend
 .text.cache_hal_resume
                0x00000000403869da       0x12 zephyr/libzephyr.a(cache_hal.c.obj)
                0x00000000403869da                cache_hal_resume
 .text.cache_hal_invalidate_addr
                0x00000000403869ec       0x2c zephyr/libzephyr.a(cache_hal.c.obj)
                0x00000000403869ec                cache_hal_invalidate_addr
 *libzephyr.a:ledc_hal_iram.*(SORT_BY_ALIGNMENT(.literal) SORT_BY_ALIGNMENT(.text) SORT_BY_ALIGNMENT(.literal.*) SORT_BY_ALIGNMENT(.text.*))
 *libzephyr.a:i2c_hal_iram.*(SORT_BY_ALIGNMENT(.literal) SORT_BY_ALIGNMENT(.text) SORT_BY_ALIGNMENT(.literal.*) SORT_BY_ALIGNMENT(.text.*))
 *libzephyr.a:wdt_hal_iram.*(SORT_BY_ALIGNMENT(.literal) SORT_BY_ALIGNMENT(.text) SORT_BY_ALIGNMENT(.literal.*) SORT_BY_ALIGNMENT(.text.*))
 .text.wdt_hal_write_protect_disable
                0x0000000040386a18       0x18 zephyr/libzephyr.a(wdt_hal_iram.c.obj)
                0x0000000040386a18                wdt_hal_write_protect_disable
 .text.wdt_hal_write_protect_enable
                0x0000000040386a30       0x12 zephyr/libzephyr.a(wdt_hal_iram.c.obj)
                0x0000000040386a30                wdt_hal_write_protect_enable
 .text.wdt_hal_set_flashboot_en
                0x0000000040386a42       0x36 zephyr/libzephyr.a(wdt_hal_iram.c.obj)
                0x0000000040386a42                wdt_hal_set_flashboot_en
 *libzephyr.a:systimer_hal.*(SORT_BY_ALIGNMENT(.literal) SORT_BY_ALIGNMENT(.text) SORT_BY_ALIGNMENT(.literal.*) SORT_BY_ALIGNMENT(.text.*))
 .text.systimer_hal_init
                0x0000000040386a78       0x16 zephyr/libzephyr.a(systimer_hal.c.obj)
                0x0000000040386a78                systimer_hal_init
 .text.systimer_hal_set_tick_rate_ops
                0x0000000040386a8e        0xa zephyr/libzephyr.a(systimer_hal.c.obj)
                0x0000000040386a8e                systimer_hal_set_tick_rate_ops
 .text.systimer_hal_get_counter_value
                0x0000000040386a98       0x48 zephyr/libzephyr.a(systimer_hal.c.obj)
                0x0000000040386a98                systimer_hal_get_counter_value
 .text.systimer_hal_enable_counter
                0x0000000040386ae0       0x14 zephyr/libzephyr.a(systimer_hal.c.obj)
                0x0000000040386ae0                systimer_hal_enable_counter
 .text.systimer_hal_select_alarm_mode
                0x0000000040386af4       0x32 zephyr/libzephyr.a(systimer_hal.c.obj)
                0x0000000040386af4                systimer_hal_select_alarm_mode
 .text.systimer_hal_connect_alarm_counter
                0x0000000040386b26       0x16 zephyr/libzephyr.a(systimer_hal.c.obj)
                0x0000000040386b26                systimer_hal_connect_alarm_counter
 .text.systimer_hal_counter_can_stall_by_cpu
                0x0000000040386b3c       0x22 zephyr/libzephyr.a(systimer_hal.c.obj)
                0x0000000040386b3c                systimer_hal_counter_can_stall_by_cpu
 *libzephyr.a:spi_flash_hal_gpspi.*(SORT_BY_ALIGNMENT(.literal) SORT_BY_ALIGNMENT(.literal.*) SORT_BY_ALIGNMENT(.text) SORT_BY_ALIGNMENT(.text.*))
 .text.gpspi_flash_ll_get_buffer_data
                0x0000000040386b5e       0x8c zephyr/libzephyr.a(spi_flash_hal_gpspi.c.obj)
 .text.spi_flash_hal_gpspi_poll_cmd_done
                0x0000000040386bea        0xc zephyr/libzephyr.a(spi_flash_hal_gpspi.c.obj)
                0x0000000040386bea                spi_flash_hal_gpspi_poll_cmd_done
 .text.spi_flash_hal_gpspi_device_config
                0x0000000040386bf6       0xca zephyr/libzephyr.a(spi_flash_hal_gpspi.c.obj)
                0x0000000040386bf6                spi_flash_hal_gpspi_device_config
 .text.spi_flash_hal_gpspi_configure_host_io_mode
                0x0000000040386cc0      0x198 zephyr/libzephyr.a(spi_flash_hal_gpspi.c.obj)
                0x0000000040386cc0                spi_flash_hal_gpspi_configure_host_io_mode
 .text.spi_flash_hal_gpspi_common_command
                0x0000000040386e58      0x18a zephyr/libzephyr.a(spi_flash_hal_gpspi.c.obj)
                0x0000000040386e58                spi_flash_hal_gpspi_common_command
 .text.spi_flash_hal_gpspi_read
                0x0000000040386fe2       0xb0 zephyr/libzephyr.a(spi_flash_hal_gpspi.c.obj)
                0x0000000040386fe2                spi_flash_hal_gpspi_read
 .text.spi_flash_hal_gpspi_supports_direct_write
                0x0000000040387092        0x4 zephyr/libzephyr.a(spi_flash_hal_gpspi.c.obj)
                0x0000000040387092                spi_flash_hal_gpspi_supports_direct_write
 .text.spi_flash_hal_gpspi_supports_direct_read
                0x0000000040387096        0x4 zephyr/libzephyr.a(spi_flash_hal_gpspi.c.obj)
                0x0000000040387096                spi_flash_hal_gpspi_supports_direct_read
 .text.spi_flash_hal_gpspi_check_status
                0x000000004038709a        0xe zephyr/libzephyr.a(spi_flash_hal_gpspi.c.obj)
                0x000000004038709a                spi_flash_hal_gpspi_check_status
 *libzephyr.a:lldesc.*(SORT_BY_ALIGNMENT(.literal) SORT_BY_ALIGNMENT(.literal.*) SORT_BY_ALIGNMENT(.text) SORT_BY_ALIGNMENT(.text.*))
 *(SORT_BY_ALIGNMENT(.literal.esp_log_write) SORT_BY_ALIGNMENT(.text.esp_log_write))
 .text.esp_log_write
                0x00000000403870a8       0x20 zephyr/libzephyr.a(log.c.obj)
                0x00000000403870a8                esp_log_write
 *(SORT_BY_ALIGNMENT(.literal.esp_log_timestamp) SORT_BY_ALIGNMENT(.text.esp_log_timestamp))
 *(SORT_BY_ALIGNMENT(.literal.esp_log_early_timestamp) SORT_BY_ALIGNMENT(.text.esp_log_early_timestamp))
 *(SORT_BY_ALIGNMENT(.literal.esp_log_impl_lock) SORT_BY_ALIGNMENT(.text.esp_log_impl_lock))
 *(SORT_BY_ALIGNMENT(.literal.esp_log_impl_lock_timeout) SORT_BY_ALIGNMENT(.text.esp_log_impl_lock_timeout))
 *(SORT_BY_ALIGNMENT(.literal.esp_log_impl_unlock) SORT_BY_ALIGNMENT(.text.esp_log_impl_unlock))
 *libzephyr.a:spi_flash_chip_boya.*(SORT_BY_ALIGNMENT(.literal) SORT_BY_ALIGNMENT(.literal.*) SORT_BY_ALIGNMENT(.text) SORT_BY_ALIGNMENT(.text.*))
 .text.spi_flash_chip_boya_probe
                0x00000000403870c8       0x26 zephyr/libzephyr.a(spi_flash_chip_boya.c.obj)
                0x00000000403870c8                spi_flash_chip_boya_probe
 .text.spi_flash_chip_boya_get_caps
                0x00000000403870ee        0x4 zephyr/libzephyr.a(spi_flash_chip_boya.c.obj)
                0x00000000403870ee                spi_flash_chip_boya_get_caps
 *libzephyr.a:spi_flash_chip_gd.*(SORT_BY_ALIGNMENT(.literal) SORT_BY_ALIGNMENT(.literal.*) SORT_BY_ALIGNMENT(.text) SORT_BY_ALIGNMENT(.text.*))
 .text.spi_flash_chip_gd_get_caps
                0x00000000403870f2       0x14 zephyr/libzephyr.a(spi_flash_chip_gd.c.obj)
                0x00000000403870f2                spi_flash_chip_gd_get_caps
 .text.spi_flash_chip_gd_detect_size
                0x0000000040387106       0x24 zephyr/libzephyr.a(spi_flash_chip_gd.c.obj)
                0x0000000040387106                spi_flash_chip_gd_detect_size
 .text.spi_flash_chip_gd_get_io_mode
                0x000000004038712a       0x20 zephyr/libzephyr.a(spi_flash_chip_gd.c.obj)
                0x000000004038712a                spi_flash_chip_gd_get_io_mode
 .text.spi_flash_chip_gd_probe
                0x000000004038714a       0x26 zephyr/libzephyr.a(spi_flash_chip_gd.c.obj)
                0x000000004038714a                spi_flash_chip_gd_probe
 .text.spi_flash_chip_gd_set_io_mode
                0x0000000040387170       0x4a zephyr/libzephyr.a(spi_flash_chip_gd.c.obj)
                0x0000000040387170                spi_flash_chip_gd_set_io_mode
 *libzephyr.a:spi_flash_chip_generic.*(SORT_BY_ALIGNMENT(.literal) SORT_BY_ALIGNMENT(.literal.*) SORT_BY_ALIGNMENT(.text) SORT_BY_ALIGNMENT(.text.*))
 .text.spi_flash_chip_generic_detect_size
                0x00000000403871ba       0x30 zephyr/libzephyr.a(spi_flash_chip_generic.c.obj)
                0x00000000403871ba                spi_flash_chip_generic_detect_size
 .text.spi_flash_chip_generic_probe
                0x00000000403871ea        0x4 zephyr/libzephyr.a(spi_flash_chip_generic.c.obj)
                0x00000000403871ea                spi_flash_chip_generic_probe
 .text.spi_flash_chip_generic_reset
                0x00000000403871ee       0x60 zephyr/libzephyr.a(spi_flash_chip_generic.c.obj)
                0x00000000403871ee                spi_flash_chip_generic_reset
 .text.spi_flash_chip_generic_erase_chip
                0x000000004038724e       0x88 zephyr/libzephyr.a(spi_flash_chip_generic.c.obj)
                0x000000004038724e                spi_flash_chip_generic_erase_chip
 .text.spi_flash_chip_generic_erase_sector
                0x00000000403872d6       0x92 zephyr/libzephyr.a(spi_flash_chip_generic.c.obj)
                0x00000000403872d6                spi_flash_chip_generic_erase_sector
 .text.spi_flash_chip_generic_erase_block
                0x0000000040387368       0x92 zephyr/libzephyr.a(spi_flash_chip_generic.c.obj)
                0x0000000040387368                spi_flash_chip_generic_erase_block
 .text.spi_flash_chip_generic_set_write_protect
                0x00000000403873fa       0x4e zephyr/libzephyr.a(spi_flash_chip_generic.c.obj)
                0x00000000403873fa                spi_flash_chip_generic_set_write_protect
 .text.spi_flash_chip_generic_read_reg
                0x0000000040387448        0xa zephyr/libzephyr.a(spi_flash_chip_generic.c.obj)
                0x0000000040387448                spi_flash_chip_generic_read_reg
 .text.spi_flash_chip_generic_wait_idle
                0x0000000040387452       0xa4 zephyr/libzephyr.a(spi_flash_chip_generic.c.obj)
                0x0000000040387452                spi_flash_chip_generic_wait_idle
 .text.spi_flash_chip_generic_config_host_io_mode
                0x00000000403874f6       0xea zephyr/libzephyr.a(spi_flash_chip_generic.c.obj)
                0x00000000403874f6                spi_flash_chip_generic_config_host_io_mode
 .text.spi_flash_chip_generic_get_caps
                0x00000000403875e0       0x82 zephyr/libzephyr.a(spi_flash_chip_generic.c.obj)
                0x00000000403875e0                spi_flash_chip_generic_get_caps
 .text.spi_flash_chip_generic_suspend_cmd_conf
                0x0000000040387662       0x24 zephyr/libzephyr.a(spi_flash_chip_generic.c.obj)
                0x0000000040387662                spi_flash_chip_generic_suspend_cmd_conf
 .text.spi_flash_chip_generic_read
                0x0000000040387686       0xd6 zephyr/libzephyr.a(spi_flash_chip_generic.c.obj)
                0x0000000040387686                spi_flash_chip_generic_read
 .text.spi_flash_chip_generic_write
                0x000000004038775c       0xb0 zephyr/libzephyr.a(spi_flash_chip_generic.c.obj)
                0x000000004038775c                spi_flash_chip_generic_write
 .text.spi_flash_chip_generic_get_write_protect
                0x000000004038780c       0x34 zephyr/libzephyr.a(spi_flash_chip_generic.c.obj)
                0x000000004038780c                spi_flash_chip_generic_get_write_protect
 .text.spi_flash_chip_generic_yield
                0x0000000040387840       0x4a zephyr/libzephyr.a(spi_flash_chip_generic.c.obj)
                0x0000000040387840                spi_flash_chip_generic_yield
 .text.spi_flash_chip_generic_read_unique_id
                0x000000004038788a       0xa0 zephyr/libzephyr.a(spi_flash_chip_generic.c.obj)
                0x000000004038788a                spi_flash_chip_generic_read_unique_id
 .text.spi_flash_chip_generic_page_program
                0x000000004038792a       0x6a zephyr/libzephyr.a(spi_flash_chip_generic.c.obj)
                0x000000004038792a                spi_flash_chip_generic_page_program
 .text.spi_flash_chip_generic_write_encrypted
                0x0000000040387994       0xdc zephyr/libzephyr.a(spi_flash_chip_generic.c.obj)
                0x0000000040387994                spi_flash_chip_generic_write_encrypted
 .text.spi_flash_common_read_qe_sr.constprop.0.isra.0
                0x0000000040387a70       0x46 zephyr/libzephyr.a(spi_flash_chip_generic.c.obj)
 .text.spi_flash_common_read_status_16b_rdsr_rdsr2
                0x0000000040387ab6       0x42 zephyr/libzephyr.a(spi_flash_chip_generic.c.obj)
                0x0000000040387ab6                spi_flash_common_read_status_16b_rdsr_rdsr2
 .text.spi_flash_common_write_qe_sr.isra.0
                0x0000000040387af8       0x44 zephyr/libzephyr.a(spi_flash_chip_generic.c.obj)
 .text.spi_flash_common_write_status_16b_wrsr
                0x0000000040387b3c        0xc zephyr/libzephyr.a(spi_flash_chip_generic.c.obj)
                0x0000000040387b3c                spi_flash_common_write_status_16b_wrsr
 .text.spi_flash_chip_generic_read_unique_id_none
                0x0000000040387b48        0x6 zephyr/libzephyr.a(spi_flash_chip_generic.c.obj)
                0x0000000040387b48                spi_flash_chip_generic_read_unique_id_none
 .text.spi_flash_common_read_status_8b_rdsr2
                0x0000000040387b4e        0xc zephyr/libzephyr.a(spi_flash_chip_generic.c.obj)
                0x0000000040387b4e                spi_flash_common_read_status_8b_rdsr2
 .text.spi_flash_chip_generic_get_io_mode
                0x0000000040387b5a       0x20 zephyr/libzephyr.a(spi_flash_chip_generic.c.obj)
                0x0000000040387b5a                spi_flash_chip_generic_get_io_mode
 .text.spi_flash_common_read_status_8b_rdsr
                0x0000000040387b7a        0xa zephyr/libzephyr.a(spi_flash_chip_generic.c.obj)
                0x0000000040387b7a                spi_flash_common_read_status_8b_rdsr
 .text.spi_flash_common_write_status_8b_wrsr
                0x0000000040387b84        0xc zephyr/libzephyr.a(spi_flash_chip_generic.c.obj)
                0x0000000040387b84                spi_flash_common_write_status_8b_wrsr
 .text.spi_flash_common_write_status_8b_wrsr2
                0x0000000040387b90        0xe zephyr/libzephyr.a(spi_flash_chip_generic.c.obj)
                0x0000000040387b90                spi_flash_common_write_status_8b_wrsr2
 .text.spi_flash_common_set_io_mode
                0x0000000040387b9e       0x9e zephyr/libzephyr.a(spi_flash_chip_generic.c.obj)
                0x0000000040387b9e                spi_flash_common_set_io_mode
 .text.spi_flash_chip_generic_set_io_mode
                0x0000000040387c3c       0x18 zephyr/libzephyr.a(spi_flash_chip_generic.c.obj)
                0x0000000040387c3c                spi_flash_chip_generic_set_io_mode
 *libzephyr.a:spi_flash_chip_issi.*(SORT_BY_ALIGNMENT(.literal) SORT_BY_ALIGNMENT(.literal.*) SORT_BY_ALIGNMENT(.text) SORT_BY_ALIGNMENT(.text.*))
 .text.spi_flash_chip_issi_probe
                0x0000000040387c54       0x26 zephyr/libzephyr.a(spi_flash_chip_issi.c.obj)
                0x0000000040387c54                spi_flash_chip_issi_probe
 .text.spi_flash_chip_issi_get_caps
                0x0000000040387c7a        0x4 zephyr/libzephyr.a(spi_flash_chip_issi.c.obj)
                0x0000000040387c7a                spi_flash_chip_issi_get_caps
 .text.spi_flash_chip_issi_set_io_mode
                0x0000000040387c7e       0x18 zephyr/libzephyr.a(spi_flash_chip_issi.c.obj)
                0x0000000040387c7e                spi_flash_chip_issi_set_io_mode
 .text.spi_flash_chip_issi_get_io_mode
                0x0000000040387c96       0x20 zephyr/libzephyr.a(spi_flash_chip_issi.c.obj)
                0x0000000040387c96                spi_flash_chip_issi_get_io_mode
 *libzephyr.a:spi_flash_chip_mxic.*(SORT_BY_ALIGNMENT(.literal) SORT_BY_ALIGNMENT(.literal.*) SORT_BY_ALIGNMENT(.text) SORT_BY_ALIGNMENT(.text.*))
 .text.spi_flash_chip_mxic_probe
                0x0000000040387cb6       0x1a zephyr/libzephyr.a(spi_flash_chip_mxic.c.obj)
                0x0000000040387cb6                spi_flash_chip_mxic_probe
 .text.spi_flash_chip_mxic_detect_size
                0x0000000040387cd0       0x3a zephyr/libzephyr.a(spi_flash_chip_mxic.c.obj)
                0x0000000040387cd0                spi_flash_chip_mxic_detect_size
 .text.spi_flash_chip_mxic_get_caps
                0x0000000040387d0a        0x4 zephyr/libzephyr.a(spi_flash_chip_mxic.c.obj)
                0x0000000040387d0a                spi_flash_chip_mxic_get_caps
 *libzephyr.a:spi_flash_chip_mxic_opi.*(SORT_BY_ALIGNMENT(.literal) SORT_BY_ALIGNMENT(.literal.*) SORT_BY_ALIGNMENT(.text) SORT_BY_ALIGNMENT(.text.*))
 *libzephyr.a:spi_flash_chip_th.*(SORT_BY_ALIGNMENT(.literal) SORT_BY_ALIGNMENT(.literal.*) SORT_BY_ALIGNMENT(.text) SORT_BY_ALIGNMENT(.text.*))
 .text.spi_flash_chip_th_probe
                0x0000000040387d0e       0x26 zephyr/libzephyr.a(spi_flash_chip_th.c.obj)
                0x0000000040387d0e                spi_flash_chip_th_probe
 .text.spi_flash_chip_th_get_caps
                0x0000000040387d34        0x4 zephyr/libzephyr.a(spi_flash_chip_th.c.obj)
                0x0000000040387d34                spi_flash_chip_th_get_caps
 *libzephyr.a:spi_flash_chip_winbond.*(SORT_BY_ALIGNMENT(.literal) SORT_BY_ALIGNMENT(.literal.*) SORT_BY_ALIGNMENT(.text) SORT_BY_ALIGNMENT(.text.*))
 .text.spi_flash_chip_winbond_probe
                0x0000000040387d38       0x12 zephyr/libzephyr.a(spi_flash_chip_winbond.c.obj)
                0x0000000040387d38                spi_flash_chip_winbond_probe
 .text.spi_flash_chip_winbond_get_caps
                0x0000000040387d4a       0x14 zephyr/libzephyr.a(spi_flash_chip_winbond.c.obj)
                0x0000000040387d4a                spi_flash_chip_winbond_get_caps
 .text.spi_flash_chip_winbond_read
                0x0000000040387d5e       0xe0 zephyr/libzephyr.a(spi_flash_chip_winbond.c.obj)
                0x0000000040387d5e                spi_flash_chip_winbond_read
 .text.spi_flash_chip_winbond_erase_block
                0x0000000040387e3e       0xa8 zephyr/libzephyr.a(spi_flash_chip_winbond.c.obj)
                0x0000000040387e3e                spi_flash_chip_winbond_erase_block
 .text.spi_flash_chip_winbond_erase_sector
                0x0000000040387ee6       0xa8 zephyr/libzephyr.a(spi_flash_chip_winbond.c.obj)
                0x0000000040387ee6                spi_flash_chip_winbond_erase_sector
 .text.spi_flash_chip_winbond_page_program
                0x0000000040387f8e       0xa0 zephyr/libzephyr.a(spi_flash_chip_winbond.c.obj)
                0x0000000040387f8e                spi_flash_chip_winbond_page_program
 *libzephyr.a:memspi_host_driver.*(SORT_BY_ALIGNMENT(.literal) SORT_BY_ALIGNMENT(.literal.*) SORT_BY_ALIGNMENT(.text) SORT_BY_ALIGNMENT(.text.*))
 .text.memspi_host_read_status_hs
                0x000000004038802e       0x46 zephyr/libzephyr.a(memspi_host_driver.c.obj)
                0x000000004038802e                memspi_host_read_status_hs
 .text.memspi_host_erase_chip
                0x0000000040388074       0x30 zephyr/libzephyr.a(memspi_host_driver.c.obj)
                0x0000000040388074                memspi_host_erase_chip
 .text.memspi_host_set_write_protect
                0x00000000403880a4       0x3a zephyr/libzephyr.a(memspi_host_driver.c.obj)
                0x00000000403880a4                memspi_host_set_write_protect
 .text.memspi_host_write_data_slicer
                0x00000000403880de       0x3c zephyr/libzephyr.a(memspi_host_driver.c.obj)
                0x00000000403880de                memspi_host_write_data_slicer
 .text.memspi_host_read_data_slicer
                0x000000004038811a       0x30 zephyr/libzephyr.a(memspi_host_driver.c.obj)
                0x000000004038811a                memspi_host_read_data_slicer
 .text.memspi_host_read_id_hs
                0x000000004038814a       0x8c zephyr/libzephyr.a(memspi_host_driver.c.obj)
                0x000000004038814a                memspi_host_read_id_hs
 .text.memspi_host_flush_cache
                0x00000000403881d6       0x26 zephyr/libzephyr.a(memspi_host_driver.c.obj)
                0x00000000403881d6                memspi_host_flush_cache
 .text.memspi_host_erase_sector
                0x00000000403881fc       0x4e zephyr/libzephyr.a(memspi_host_driver.c.obj)
                0x00000000403881fc                memspi_host_erase_sector
 .text.memspi_host_erase_block
                0x000000004038824a       0x4e zephyr/libzephyr.a(memspi_host_driver.c.obj)
                0x000000004038824a                memspi_host_erase_block
 .text.memspi_host_program_page
                0x0000000040388298       0x62 zephyr/libzephyr.a(memspi_host_driver.c.obj)
                0x0000000040388298                memspi_host_program_page
 .text.memspi_host_init_pointers
                0x00000000403882fa       0x2a zephyr/libzephyr.a(memspi_host_driver.c.obj)
                0x00000000403882fa                memspi_host_init_pointers
 *libzephyr.a:flash_brownout_hook.*(SORT_BY_ALIGNMENT(.literal) SORT_BY_ALIGNMENT(.literal.*) SORT_BY_ALIGNMENT(.text) SORT_BY_ALIGNMENT(.text.*))
 *libzephyr.a:spi_flash_wrap.*(SORT_BY_ALIGNMENT(.literal) SORT_BY_ALIGNMENT(.literal.*) SORT_BY_ALIGNMENT(.text) SORT_BY_ALIGNMENT(.text.*))
 *libzephyr.a:flash_ops.*(SORT_BY_ALIGNMENT(.literal) SORT_BY_ALIGNMENT(.text) SORT_BY_ALIGNMENT(.literal.*) SORT_BY_ALIGNMENT(.text.*))
 .text.esp_mspi_get_io
                0x0000000040388324       0x60 zephyr/libzephyr.a(flash_ops.c.obj)
                0x0000000040388324                esp_mspi_get_io
 *libzephyr.a:esp_err.*(SORT_BY_ALIGNMENT(.literal) SORT_BY_ALIGNMENT(.literal.*) SORT_BY_ALIGNMENT(.text) SORT_BY_ALIGNMENT(.text.*))
 *(SORT_BY_ALIGNMENT(.literal.esp_system_abort) SORT_BY_ALIGNMENT(.text.esp_system_abort))
 *(SORT_BY_ALIGNMENT(.literal.esp_cpu_stall) SORT_BY_ALIGNMENT(.text.esp_cpu_stall))
 *(SORT_BY_ALIGNMENT(.literal.esp_cpu_unstall) SORT_BY_ALIGNMENT(.text.esp_cpu_unstall))
 *(SORT_BY_ALIGNMENT(.literal.esp_cpu_reset) SORT_BY_ALIGNMENT(.text.esp_cpu_reset))
 *(SORT_BY_ALIGNMENT(.literal.esp_cpu_wait_for_intr) SORT_BY_ALIGNMENT(.text.esp_cpu_wait_for_intr))
 *(SORT_BY_ALIGNMENT(.literal.esp_cpu_compare_and_set) SORT_BY_ALIGNMENT(.text.esp_cpu_compare_and_set))
 *(SORT_BY_ALIGNMENT(.literal.esp_gpio_reserve_pins) SORT_BY_ALIGNMENT(.text.esp_gpio_reserve_pins))
 .text.esp_gpio_reserve_pins
                0x0000000040388384       0x14 zephyr/libzephyr.a(esp_gpio_reserve.c.obj)
                0x0000000040388384                esp_gpio_reserve_pins
 *(SORT_BY_ALIGNMENT(.literal.esp_gpio_is_pin_reserved) SORT_BY_ALIGNMENT(.text.esp_gpio_is_pin_reserved))
 *(SORT_BY_ALIGNMENT(.literal.rtc_vddsdio_get_config) SORT_BY_ALIGNMENT(.text.rtc_vddsdio_get_config))
 *(SORT_BY_ALIGNMENT(.literal.rtc_vddsdio_set_config) SORT_BY_ALIGNMENT(.text.rtc_vddsdio_set_config))
 *libzephyr.a:esp_memory_utils.*(SORT_BY_ALIGNMENT(.literal) SORT_BY_ALIGNMENT(.literal.*) SORT_BY_ALIGNMENT(.text) SORT_BY_ALIGNMENT(.text.*))
 *libzephyr.a:rtc_clk.*(SORT_BY_ALIGNMENT(.literal) SORT_BY_ALIGNMENT(.literal.*) SORT_BY_ALIGNMENT(.text) SORT_BY_ALIGNMENT(.text.*))
 *libzephyr.a:rtc_clk_init.*(SORT_BY_ALIGNMENT(.literal) SORT_BY_ALIGNMENT(.literal.*) SORT_BY_ALIGNMENT(.text) SORT_BY_ALIGNMENT(.text.*))
 *libzephyr.a:rtc_time.*(SORT_BY_ALIGNMENT(.literal) SORT_BY_ALIGNMENT(.literal.*) SORT_BY_ALIGNMENT(.text) SORT_BY_ALIGNMENT(.text.*))
 *libzephyr.a:rtc_sleep.*(SORT_BY_ALIGNMENT(.literal) SORT_BY_ALIGNMENT(.literal.*) SORT_BY_ALIGNMENT(.text) SORT_BY_ALIGNMENT(.text.*))
 *libzephyr.a:systimer.*(SORT_BY_ALIGNMENT(.literal) SORT_BY_ALIGNMENT(.literal.*) SORT_BY_ALIGNMENT(.text) SORT_BY_ALIGNMENT(.text.*))
 .text.systimer_ticks_to_us
                0x0000000040388398        0xc zephyr/libzephyr.a(systimer.c.obj)
                0x0000000040388398                systimer_ticks_to_us
 .text.systimer_us_to_ticks
                0x00000000403883a4        0xc zephyr/libzephyr.a(systimer.c.obj)
                0x00000000403883a4                systimer_us_to_ticks
 *(SORT_BY_ALIGNMENT(.literal.sar_periph_ctrl_power_enable) SORT_BY_ALIGNMENT(.text.sar_periph_ctrl_power_enable))
 *(SORT_BY_ALIGNMENT(.literal.GPIO_HOLD_MASK) SORT_BY_ALIGNMENT(.text.GPIO_HOLD_MASK))
 *libzephyr.a:esp_rom_spiflash.*(SORT_BY_ALIGNMENT(.literal) SORT_BY_ALIGNMENT(.literal.*) SORT_BY_ALIGNMENT(.text) SORT_BY_ALIGNMENT(.text.*))
 *libzephyr.a:esp_rom_systimer.*(SORT_BY_ALIGNMENT(.literal) SORT_BY_ALIGNMENT(.literal.*) SORT_BY_ALIGNMENT(.text) SORT_BY_ALIGNMENT(.text.*))
 *libzephyr.a:esp_rom_wdt.*(SORT_BY_ALIGNMENT(.literal) SORT_BY_ALIGNMENT(.literal.*) SORT_BY_ALIGNMENT(.text) SORT_BY_ALIGNMENT(.text.*))
 *libzephyr.a:esp_cache.*(SORT_BY_ALIGNMENT(.literal) SORT_BY_ALIGNMENT(.literal.*) SORT_BY_ALIGNMENT(.text) SORT_BY_ALIGNMENT(.text.*))
 *libzephyr.a:cache_utils.*(SORT_BY_ALIGNMENT(.literal) SORT_BY_ALIGNMENT(.text) SORT_BY_ALIGNMENT(.literal.*) SORT_BY_ALIGNMENT(.text.*))
 .text.spi_flash_init_lock
                0x00000000403883b0        0x2 zephyr/libzephyr.a(cache_utils.c.obj)
                0x00000000403883b0                spi_flash_init_lock
 *libzephyr.a:bootloader_random*.*(SORT_BY_ALIGNMENT(.literal.bootloader_random_disable) SORT_BY_ALIGNMENT(.text.bootloader_random_disable))
 *libzephyr.a:bootloader_random*.*(SORT_BY_ALIGNMENT(.literal.bootloader_random_enable) SORT_BY_ALIGNMENT(.text.bootloader_random_enable))
                0x00000000403883c4                . = (ALIGN (0x4) + 0x10)
 *fill*         0x00000000403883b2       0x12 

.loader.text    0x00000000403883c4      0x69c load address 0x00000000000083c4
                0x00000000403883c4                . = ALIGN (0x4)
                0x00000000403883c4                _loader_text_start = ABSOLUTE (.)
 *libzephyr.a:bootloader_clock_init.*(SORT_BY_ALIGNMENT(.literal) SORT_BY_ALIGNMENT(.text) SORT_BY_ALIGNMENT(.literal.*) SORT_BY_ALIGNMENT(.text.*))
 .text.bootloader_clock_configure
                0x00000000403883c4       0xb0 zephyr/libzephyr.a(bootloader_clock_init.c.obj)
                0x00000000403883c4                bootloader_clock_configure
 *libzephyr.a:bootloader_wdt.*(SORT_BY_ALIGNMENT(.literal) SORT_BY_ALIGNMENT(.text) SORT_BY_ALIGNMENT(.literal.*) SORT_BY_ALIGNMENT(.text.*))
 *libzephyr.a:bootloader_flash.*(SORT_BY_ALIGNMENT(.literal) SORT_BY_ALIGNMENT(.text) SORT_BY_ALIGNMENT(.literal.*) SORT_BY_ALIGNMENT(.text.*))
 .text.esp_rom_flash_read
                0x0000000040388474      0x142 zephyr/libzephyr.a(bootloader_flash.c.obj)
                0x0000000040388474                esp_rom_flash_read
 .text.bootloader_enable_wp
                0x00000000403885b6        0xc zephyr/libzephyr.a(bootloader_flash.c.obj)
                0x00000000403885b6                bootloader_enable_wp
 *libzephyr.a:bootloader_clock_loader.*(SORT_BY_ALIGNMENT(.literal) SORT_BY_ALIGNMENT(.text) SORT_BY_ALIGNMENT(.literal.*) SORT_BY_ALIGNMENT(.text.*))
 *libzephyr.a:bootloader_panic.*(SORT_BY_ALIGNMENT(.literal) SORT_BY_ALIGNMENT(.text) SORT_BY_ALIGNMENT(.literal.*) SORT_BY_ALIGNMENT(.text.*))
 *libzephyr.a:bootloader_random.*(SORT_BY_ALIGNMENT(.literal) SORT_BY_ALIGNMENT(.text) SORT_BY_ALIGNMENT(.literal.*) SORT_BY_ALIGNMENT(.text.*))
 *libzephyr.a:bootloader_efuse.*(SORT_BY_ALIGNMENT(.literal) SORT_BY_ALIGNMENT(.text) SORT_BY_ALIGNMENT(.literal.*) SORT_BY_ALIGNMENT(.text.*))
 *libzephyr.a:bootloader_utility.*(SORT_BY_ALIGNMENT(.literal) SORT_BY_ALIGNMENT(.text) SORT_BY_ALIGNMENT(.literal.*) SORT_BY_ALIGNMENT(.text.*))
 *libzephyr.a:bootloader_sha.*(SORT_BY_ALIGNMENT(.literal) SORT_BY_ALIGNMENT(.text) SORT_BY_ALIGNMENT(.literal.*) SORT_BY_ALIGNMENT(.text.*))
 *libzephyr.a:esp_image_format.*(SORT_BY_ALIGNMENT(.literal) SORT_BY_ALIGNMENT(.text) SORT_BY_ALIGNMENT(.literal.*) SORT_BY_ALIGNMENT(.text.*))
 *libzephyr.a:flash_encrypt.*(SORT_BY_ALIGNMENT(.literal) SORT_BY_ALIGNMENT(.text) SORT_BY_ALIGNMENT(.literal.*) SORT_BY_ALIGNMENT(.text.*))
 *libzephyr.a:flash_encryption_secure_features.*(SORT_BY_ALIGNMENT(.literal) SORT_BY_ALIGNMENT(.text) SORT_BY_ALIGNMENT(.literal.*) SORT_BY_ALIGNMENT(.text.*))
 *libzephyr.a:flash_partitions.*(SORT_BY_ALIGNMENT(.literal) SORT_BY_ALIGNMENT(.text) SORT_BY_ALIGNMENT(.literal.*) SORT_BY_ALIGNMENT(.text.*))
 *libzephyr.a:flash_qio_mode.*(SORT_BY_ALIGNMENT(.literal) SORT_BY_ALIGNMENT(.text) SORT_BY_ALIGNMENT(.literal.*) SORT_BY_ALIGNMENT(.text.*))
 *libzephyr.a:spi_flash_hal.*(SORT_BY_ALIGNMENT(.literal) SORT_BY_ALIGNMENT(.literal.*) SORT_BY_ALIGNMENT(.text) SORT_BY_ALIGNMENT(.text.*))
 .text.get_flash_clock_divider
                0x00000000403885c2      0x108 zephyr/libzephyr.a(spi_flash_hal.c.obj)
 .text.spi_flash_hal_init
                0x00000000403886ca      0x150 zephyr/libzephyr.a(spi_flash_hal.c.obj)
                0x00000000403886ca                spi_flash_hal_init
 .text.spi_flash_hal_supports_direct_write
                0x000000004038881a       0x12 zephyr/libzephyr.a(spi_flash_hal.c.obj)
                0x000000004038881a                spi_flash_hal_supports_direct_write
 .text.spi_flash_hal_supports_direct_read
                0x000000004038882c       0x12 zephyr/libzephyr.a(spi_flash_hal.c.obj)
                0x000000004038882c                spi_flash_hal_supports_direct_read
 *libzephyr.a:spi_flash_hal_common.*(SORT_BY_ALIGNMENT(.literal) SORT_BY_ALIGNMENT(.literal.*) SORT_BY_ALIGNMENT(.text) SORT_BY_ALIGNMENT(.text.*))